###############################################################################
#
# IAR ELF Linker V7.70.2.11706/W32 for ARM                17/Oct/2016  10:22:29
# Copyright 2007-2016 IAR Systems AB.
#
#    Output file  =  
#        C:\ti\simplelink\ble_cc26xx_2_01_00_44423\Projects\ble\JSensor-T\CC26xx\IAR\Stack\CC2640\FlashROM\Exe\SimpleBLEPeripheralStackFlashROM.out
#    Map file     =  
#        C:\ti\simplelink\ble_cc26xx_2_01_00_44423\Projects\ble\JSensor-T\CC26xx\IAR\Stack\CC2640\FlashROM\List\SimpleBLEPeripheralStackFlashROM.map
#    Command line =  
#        C:\ti\simplelink\ble_cc26xx_2_01_00_44423\Projects\ble\JSensor-T\CC26xx\IAR\Stack\CC2640\FlashROM\Obj\bleDispatch.o
#        C:\ti\simplelink\ble_cc26xx_2_01_00_44423\Projects\ble\JSensor-T\CC26xx\IAR\Stack\CC2640\FlashROM\Obj\bleUserConfig.o
#        C:\ti\simplelink\ble_cc26xx_2_01_00_44423\Projects\ble\JSensor-T\CC26xx\IAR\Lib\CC2640Stack.a
#        C:\ti\simplelink\ble_cc26xx_2_01_00_44423\Projects\ble\JSensor-T\CC26xx\IAR\Lib\CC2640Stack_HCI_TL.a
#        C:\ti\simplelink\ble_cc26xx_2_01_00_44423\Projects\ble\JSensor-T\CC26xx\IAR\Stack\CC2640\FlashROM\Obj\CommonROM_Init.o
#        C:\ti\simplelink\ble_cc26xx_2_01_00_44423\Projects\ble\JSensor-T\CC26xx\IAR\Stack\CC2640\FlashROM\Obj\gap.o
#        C:\ti\simplelink\ble_cc26xx_2_01_00_44423\Projects\ble\JSensor-T\CC26xx\IAR\Stack\CC2640\FlashROM\Obj\gapbondmgr.o
#        C:\ti\simplelink\ble_cc26xx_2_01_00_44423\Projects\ble\JSensor-T\CC26xx\IAR\Stack\CC2640\FlashROM\Obj\gattservapp_util.o
#        C:\ti\simplelink\ble_cc26xx_2_01_00_44423\Projects\ble\JSensor-T\CC26xx\IAR\Stack\CC2640\FlashROM\Obj\hal_assert.o
#        C:\ti\simplelink\ble_cc26xx_2_01_00_44423\Projects\ble\JSensor-T\CC26xx\IAR\Stack\CC2640\FlashROM\Obj\hal_flash_wrapper.o
#        C:\ti\simplelink\ble_cc26xx_2_01_00_44423\Projects\ble\JSensor-T\CC26xx\IAR\Stack\CC2640\FlashROM\Obj\hal_trng_wrapper.o
#        C:\ti\simplelink\ble_cc26xx_2_01_00_44423\Projects\ble\JSensor-T\CC26xx\IAR\Stack\CC2640\FlashROM\Obj\ICall_startup.o
#        C:\ti\simplelink\ble_cc26xx_2_01_00_44423\Projects\ble\JSensor-T\CC26xx\IAR\Stack\CC2640\FlashROM\Obj\mb_PATCH.o
#        C:\ti\simplelink\ble_cc26xx_2_01_00_44423\Projects\ble\JSensor-T\CC26xx\IAR\Stack\CC2640\FlashROM\Obj\npi.o
#        C:\ti\simplelink\ble_cc26xx_2_01_00_44423\Projects\ble\JSensor-T\CC26xx\IAR\Stack\CC2640\FlashROM\Obj\OnBoard.o
#        C:\ti\simplelink\ble_cc26xx_2_01_00_44423\Projects\ble\JSensor-T\CC26xx\IAR\Stack\CC2640\FlashROM\Obj\OSAL.o
#        C:\ti\simplelink\ble_cc26xx_2_01_00_44423\Projects\ble\JSensor-T\CC26xx\IAR\Stack\CC2640\FlashROM\Obj\osal_bufmgr.o
#        C:\ti\simplelink\ble_cc26xx_2_01_00_44423\Projects\ble\JSensor-T\CC26xx\IAR\Stack\CC2640\FlashROM\Obj\osal_cbtimer.o
#        C:\ti\simplelink\ble_cc26xx_2_01_00_44423\Projects\ble\JSensor-T\CC26xx\IAR\Stack\CC2640\FlashROM\Obj\OSAL_Clock.o
#        C:\ti\simplelink\ble_cc26xx_2_01_00_44423\Projects\ble\JSensor-T\CC26xx\IAR\Stack\CC2640\FlashROM\Obj\OSAL_ICallBle.o
#        C:\ti\simplelink\ble_cc26xx_2_01_00_44423\Projects\ble\JSensor-T\CC26xx\IAR\Stack\CC2640\FlashROM\Obj\OSAL_MemoryICall.o
#        C:\ti\simplelink\ble_cc26xx_2_01_00_44423\Projects\ble\JSensor-T\CC26xx\IAR\Stack\CC2640\FlashROM\Obj\OSAL_PwrMgr.o
#        C:\ti\simplelink\ble_cc26xx_2_01_00_44423\Projects\ble\JSensor-T\CC26xx\IAR\Stack\CC2640\FlashROM\Obj\osal_snv_wrapper.o
#        C:\ti\simplelink\ble_cc26xx_2_01_00_44423\Projects\ble\JSensor-T\CC26xx\IAR\Stack\CC2640\FlashROM\Obj\OSAL_Timers.o
#        C:\ti\simplelink\ble_cc26xx_2_01_00_44423\Projects\ble\JSensor-T\CC26xx\IAR\Stack\CC2640\FlashROM\Obj\ROM_Init.o
#        -o
#        C:\ti\simplelink\ble_cc26xx_2_01_00_44423\Projects\ble\JSensor-T\CC26xx\IAR\Stack\CC2640\FlashROM\Exe\SimpleBLEPeripheralStackFlashROM.out
#        --config_def FLASH_ROM_BUILD=1 --config_def CC2650=1 --map
#        C:\ti\simplelink\ble_cc26xx_2_01_00_44423\Projects\ble\JSensor-T\CC26xx\IAR\Stack\CC2640\FlashROM\List\SimpleBLEPeripheralStackFlashROM.map
#        --config
#        C:\ti\simplelink\ble_cc26xx_2_01_00_44423\Projects\ble\JSensor-T\CC26xx\IAR\Stack\CC2640\..\..\..\..\..\common\cc26xx\IAR\cc26xx_ble_stack.icf
#        -f
#        C:\ti\simplelink\ble_cc26xx_2_01_00_44423\Projects\ble\JSensor-T\CC26xx\IAR\Stack\CC2640\..\..\Config\IAR-Boundary.xcl
#        (--config_def ICALL_STACK0_ADDR=0x00010000 --config_def
#        ICALL_RAM0_ADDR=0x2000449C) --semihosting
#        C:\ti\simplelink\ble_cc26xx_2_01_00_44423\Projects\ble\JSensor-T\CC26xx\IAR\Stack\CC2640\..\..\..\..\..\..\common\BLE_ROM_Releases\04242014\ble_rom_PATCH.symbols
#        C:\ti\tirtos_simplelink_2_13_00_06\products\cc26xxware_2_21_01_15600\driverlib\bin\iar\driverlib.lib
#        --entry startup_entry --vfe
#
###############################################################################

*******************************************************************************
*** RUNTIME MODEL ATTRIBUTES
***

CppFlavor       = *
__SystemLibrary = DLib


*******************************************************************************
*** RESERVED RANGES
***

Ranges reserved by absolute symbols:
   [0x10005000-0x10005003]
   [0x10005004-0x1000dffb]
   [0x1000dffc-0x1000dffd]
   [0x1000dffe-0x1000dfff]
   [0x10016975-0x10016976]
   [0x10016979-0x10016984]
   [0x10016985-0x10016a98]
   [0x10016a99-0x10016ae6]
   [0x10016af5-0x10016b56]
   [0x10016b79-0x10016c28]
   [0x10016c29-0x10016c42]
   [0x10016c45-0x10016c76]
   [0x10016c79-0x10016d02]
   [0x10016d05-0x10016d26]
   [0x10016d29-0x10016da0]
   [0x10016da1-0x10016dc6]
   [0x10016dc9-0x10016e8c]
   [0x10016e8d-0x10016ea0]
   [0x10016ea1-0x10016ed2]
   [0x10016ed5-0x10016f44]
   [0x10017365-0x100174ba]
   [0x100174fd-0x100175d0]
   [0x100175ed-0x10017674]
   [0x1001767d-0x10017754]
   [0x10017771-0x100177fa]
   [0x10017839-0x10017894]
   [0x10017895-0x100178f2]
   [0x100178f5-0x1001794e]
   [0x100182ad-0x10018312]
   [0x10018315-0x1001833a]
   [0x1001833d-0x10018366]
   [0x10018369-0x1001838e]
   [0x10018391-0x100183b6]
   [0x100183b9-0x100183c4]
   [0x10018415-0x10018482]
   [0x10018485-0x100184a6]
   [0x100184a9-0x100184c2]
   [0x100184c5-0x100184cc]
   [0x100184cd-0x100184d0]
   [0x100184d1-0x100184d4]
   [0x100184d5-0x100184f8]
   [0x100184f9-0x10018546]
   [0x10018549-0x10018550]
   [0x10018551-0x100185e0]
   [0x100185e1-0x1001865c]
   [0x10018669-0x100186f6]
   [0x10018935-0x1001893a]
   [0x1001893d-0x10018944]
   [0x10018945-0x10018946]
   [0x10018a19-0x10018a32]
   [0x10018a35-0x10018a4c]
   [0x10018a99-0x10018ac2]
   [0x10018ac5-0x10018aee]
   [0x10018b09-0x10018b0c]
   [0x200048e8-0x200048fb]
   [0x200048fc-0x20004f2b]
   [0x20004fac-0x20004fcb]
   [0x20004fec-0x20004ffb]


*******************************************************************************
*** PLACEMENT SUMMARY
***

"A0":  place at start of [0x00010000-0x0001efff] { ro section EntrySection };
"A1":  place at end of [0x00010000-0x0001efff] { ro section .snvSectors };
"P1":  place in [from 0x00010000 to 0x0001efff] { ro };
"P2":  place in [from 0x2000449c to 0x200048e7] { rw };
initialize by copy with packing = packbits { rw };

  Section            Kind        Address    Size  Object
  -------            ----        -------    ----  ------
"A0":                                       0x30
  EntrySection       ro code  0x00010000    0x30  ICall_startup.o [1]
                            - 0x00010030    0x30

"P1":                                     0xd246
  .text              ro code  0x00010030   0xf64  gattservapp.o [4]
  .text              ro code  0x00010f94    0x40  OSAL_MemoryICall.o [1]
  .text              ro code  0x00010fd4   0x9d8  gatt_server.o [4]
  .text              ro code  0x000119ac   0x248  linkdb.o [4]
  .text              ro code  0x00011bf4   0x704  OSAL.o [1]
  .text              ro code  0x000122f8   0x2f8  gatt_task.o [4]
  Veneer             ro code  0x000125f0     0x8  - Linker created -
  Veneer             ro code  0x000125f8     0x8  - Linker created -
  Veneer             ro code  0x00012600     0x8  - Linker created -
  .text              ro code  0x00012608   0x136  l2cap_if.o [4]
  .rodata            const    0x0001273e     0x2  ll_PATCH.o [4]
  .text              ro code  0x00012740   0x1ec  att_server.o [4]
  .text              ro code  0x0001292c    0xcc  osal_bufmgr.o [1]
  .text              ro code  0x000129f8   0x3a4  att_util.o [4]
  .text              ro code  0x00012d9c    0x6c  gattservapp_util.o [1]
  Veneer             ro code  0x00012e08     0x8  - Linker created -
  Veneer             ro code  0x00012e10     0x8  - Linker created -
  Veneer             ro code  0x00012e18     0x8  - Linker created -
  Veneer             ro code  0x00012e20     0x8  - Linker created -
  .text              ro code  0x00012e28   0x2d0  hci_PATCH.o [4]
  .text              ro code  0x000130f8    0x36  strlen.o [8]
  .text              ro code  0x00013130    0x66  ABImemset.o [8]
  Veneer             ro code  0x00013198     0x8  - Linker created -
  .text              ro code  0x000131a0    0x14  OnBoard.o [1]
  .text              ro code  0x000131b4   0x210  OSAL_Timers.o [1]
  .text              ro code  0x000133c4    0x94  OSAL_PwrMgr.o [1]
  .text              ro code  0x00013458   0x10c  OSAL_ICallBle.o [1]
  .text              ro code  0x00013564    0xee  I64DivMod.o [8]
  .text              ro code  0x00013654    0x60  OSAL_Clock.o [1]
  .text              ro code  0x000136b4   0x194  osal_cbtimer.o [1]
  Veneer             ro code  0x00013848     0x8  - Linker created -
  Veneer             ro code  0x00013850     0x8  - Linker created -
  .text              ro code  0x00013858   0x5be  l2cap_util.o [4]
  Veneer             ro code  0x00013e18     0x8  - Linker created -
  Veneer             ro code  0x00013e20     0x8  - Linker created -
  .text              ro code  0x00013e28   0x654  sm_mgr.o [4]
  Veneer             ro code  0x0001447c     0x8  - Linker created -
  Veneer             ro code  0x00014484     0x8  - Linker created -
  Veneer             ro code  0x0001448c     0x8  - Linker created -
  Veneer             ro code  0x00014494     0x8  - Linker created -
  Veneer             ro code  0x0001449c     0x8  - Linker created -
  Veneer             ro code  0x000144a4     0x8  - Linker created -
  Veneer             ro code  0x000144ac     0x8  - Linker created -
  Veneer             ro code  0x000144b4     0x8  - Linker created -
  Veneer             ro code  0x000144bc     0x8  - Linker created -
  Veneer             ro code  0x000144c4     0x8  - Linker created -
  Veneer             ro code  0x000144cc     0x8  - Linker created -
  Veneer             ro code  0x000144d4     0x8  - Linker created -
  Veneer             ro code  0x000144dc     0x8  - Linker created -
  Veneer             ro code  0x000144e4     0x8  - Linker created -
  Veneer             ro code  0x000144ec     0x8  - Linker created -
  Veneer             ro code  0x000144f4     0x8  - Linker created -
  Veneer             ro code  0x000144fc     0x8  - Linker created -
  Veneer             ro code  0x00014504     0x8  - Linker created -
  Veneer             ro code  0x0001450c     0x8  - Linker created -
  Veneer             ro code  0x00014514     0x8  - Linker created -
  Veneer             ro code  0x0001451c     0x8  - Linker created -
  Veneer             ro code  0x00014524     0x8  - Linker created -
  Veneer             ro code  0x0001452c     0x8  - Linker created -
  Veneer             ro code  0x00014534     0x8  - Linker created -
  Veneer             ro code  0x0001453c     0x8  - Linker created -
  .text              ro code  0x00014544   0xd38  ll_PATCH.o [4]
  Veneer             ro code  0x0001527c     0x8  - Linker created -
  .text              ro code  0x00015284   0x2a0  hci_event_PATCH.o [4]
  .text              ro code  0x00015524    0x6c  hci_tl.o [5]
  .text              ro code  0x00015590   0x284  l2cap_task.o [4]
  .text              ro code  0x00015814   0x284  gap_task.o [4]
  .text              ro code  0x00015a98   0x104  sm_task.o [4]
  Veneer             ro code  0x00015b9c     0x8  - Linker created -
  Veneer             ro code  0x00015ba4     0x8  - Linker created -
  Veneer             ro code  0x00015bac     0x8  - Linker created -
  Veneer             ro code  0x00015bb4     0x8  - Linker created -
  Veneer             ro code  0x00015bbc     0x8  - Linker created -
  Veneer             ro code  0x00015bc4     0x8  - Linker created -
  Veneer             ro code  0x00015bcc     0x8  - Linker created -
  Veneer             ro code  0x00015bd4     0x8  - Linker created -
  Veneer             ro code  0x00015bdc     0x8  - Linker created -
  Veneer             ro code  0x00015be4     0x8  - Linker created -
  Veneer             ro code  0x00015bec     0x8  - Linker created -
  Veneer             ro code  0x00015bf4     0x8  - Linker created -
  Veneer             ro code  0x00015bfc     0x8  - Linker created -
  Veneer             ro code  0x00015c04     0x8  - Linker created -
  Veneer             ro code  0x00015c0c     0x8  - Linker created -
  Veneer             ro code  0x00015c14     0x8  - Linker created -
  Veneer             ro code  0x00015c1c     0x8  - Linker created -
  Veneer             ro code  0x00015c24     0x8  - Linker created -
  Veneer             ro code  0x00015c2c     0x8  - Linker created -
  Veneer             ro code  0x00015c34     0x8  - Linker created -
  Veneer             ro code  0x00015c3c     0x8  - Linker created -
  Veneer             ro code  0x00015c44     0x8  - Linker created -
  Veneer             ro code  0x00015c4c     0x8  - Linker created -
  Veneer             ro code  0x00015c54     0x8  - Linker created -
  Veneer             ro code  0x00015c5c     0x8  - Linker created -
  Veneer             ro code  0x00015c64     0x8  - Linker created -
  Veneer             ro code  0x00015c6c     0x8  - Linker created -
  Veneer             ro code  0x00015c74     0x8  - Linker created -
  Veneer             ro code  0x00015c7c     0x8  - Linker created -
  Veneer             ro code  0x00015c84     0x8  - Linker created -
  Veneer             ro code  0x00015c8c     0x8  - Linker created -
  Veneer             ro code  0x00015c94     0x8  - Linker created -
  Veneer             ro code  0x00015c9c     0x8  - Linker created -
  Veneer             ro code  0x00015ca4     0x8  - Linker created -
  Veneer             ro code  0x00015cac     0x8  - Linker created -
  Veneer             ro code  0x00015cb4     0x8  - Linker created -
  .text              ro code  0x00015cbc   0x870  bleDispatch.o [1]
  .text              ro code  0x0001652c    0x58  bleUserConfig.o [1]
  .text              ro code  0x00016584   0x444  osal_snv_wrapper.o [1]
  .text              ro code  0x000169c8     0x2  I64DivZer.o [8]
  Veneer             ro code  0x000169cc     0x8  - Linker created -
  .text              ro code  0x000169d4   0x358  gap_configmgr.o [4]
  Veneer             ro code  0x00016d2c     0x8  - Linker created -
  .text              ro code  0x00016d34   0x888  gap_linkmgr.o [4]
  Veneer             ro code  0x000175bc     0x8  - Linker created -
  Veneer             ro code  0x000175c4     0x8  - Linker created -
  .text              ro code  0x000175cc   0x6d4  ll_sleep.o [4]
  .text              ro code  0x00017ca0    0x64  hal_trng_wrapper.o [1]
  Veneer             ro code  0x00017d04     0x8  - Linker created -
  Veneer             ro code  0x00017d0c     0x8  - Linker created -
  Veneer             ro code  0x00017d14     0x8  - Linker created -
  Veneer             ro code  0x00017d1c     0x8  - Linker created -
  Veneer             ro code  0x00017d24     0x8  - Linker created -
  Veneer             ro code  0x00017d2c     0x8  - Linker created -
  Veneer             ro code  0x00017d34     0x8  - Linker created -
  .text              ro code  0x00017d3c   0x94c  ll_common_PATCH.o [4]
  .text              ro code  0x00018688   0x138  ll_scheduler_PATCH.o [4]
  Veneer             ro code  0x000187c0     0x8  - Linker created -
  Veneer             ro code  0x000187c8     0x8  - Linker created -
  Veneer             ro code  0x000187d0     0x8  - Linker created -
  Veneer             ro code  0x000187d8     0x8  - Linker created -
  Veneer             ro code  0x000187e0     0x8  - Linker created -
  .text              ro code  0x000187e8   0x382  ble_PATCH.o [4]
  .text              ro code  0x00018b6c    0x82  gap_devmgr.o [4]
  .text              ro code  0x00018bf0   0x754  sm_pairing.o [4]
  .text              ro code  0x00019344    0x46  gap.o [1]
  Veneer             ro code  0x0001938c     0x8  - Linker created -
  Veneer             ro code  0x00019394     0x8  - Linker created -
  .text              ro code  0x0001939c   0x51c  gap_centdevmgr.o [4]
  Veneer             ro code  0x000198b8     0x8  - Linker created -
  Veneer             ro code  0x000198c0     0x8  - Linker created -
  Veneer             ro code  0x000198c8     0x8  - Linker created -
  Veneer             ro code  0x000198d0     0x8  - Linker created -
  .text              ro code  0x000198d8   0x674  gap_peridevmgr.o [4]
  .text              ro code  0x00019f4c   0x10c  gap_perilinkmgr.o [4]
  .text              ro code  0x0001a058   0x2e8  gapgattserver.o [4]
  .text              ro code  0x0001a340    0x58  hal_flash_wrapper.o [1]
  .text              ro code  0x0001a398    0x2c  flash.o [7]
  .text              ro code  0x0001a3c4    0x76  ABImemcpy_unaligned.o [8]
  .text              ro code  0x0001a43c    0x10  vims.o [7]
  .text              ro code  0x0001a44c   0x294  mb_PATCH.o [1]
  .text              ro code  0x0001a6e0    0x34  trng.o [7]
  .text              ro code  0x0001a714     0x6  ABImemclr.o [8]
  Veneer             ro code  0x0001a71c     0x8  - Linker created -
  .text              ro code  0x0001a724    0xa8  hci_data_PATCH.o [4]
  .text              ro code  0x0001a7cc   0x39a  smp.o [4]
  Veneer             ro code  0x0001ab68     0x8  - Linker created -
  Veneer             ro code  0x0001ab70     0x8  - Linker created -
  .text              ro code  0x0001ab78   0x558  sm_rsppairing.o [4]
  Veneer             ro code  0x0001b0d0     0x8  - Linker created -
  Veneer             ro code  0x0001b0d8     0x8  - Linker created -
  Veneer             ro code  0x0001b0e0     0x8  - Linker created -
  Veneer             ro code  0x0001b0e8     0x8  - Linker created -
  Veneer             ro code  0x0001b0f0     0x8  - Linker created -
  Veneer             ro code  0x0001b0f8     0x8  - Linker created -
  Veneer             ro code  0x0001b100     0x8  - Linker created -
  Veneer             ro code  0x0001b108     0x8  - Linker created -
  Veneer             ro code  0x0001b110     0x8  - Linker created -
  Veneer             ro code  0x0001b118     0x8  - Linker created -
  Veneer             ro code  0x0001b120     0x8  - Linker created -
  Veneer             ro code  0x0001b128     0x8  - Linker created -
  Veneer             ro code  0x0001b130     0x8  - Linker created -
  Veneer             ro code  0x0001b138     0x8  - Linker created -
  Veneer             ro code  0x0001b140     0x8  - Linker created -
  Veneer             ro code  0x0001b148     0x8  - Linker created -
  Veneer             ro code  0x0001b150     0x8  - Linker created -
  .text              ro code  0x0001b158   0x712  ll_slaveEndCauses_PATCH.o [4]
  .text              ro code  0x0001b86c   0x6cc  ROM_Init.o [1]
  .text              ro code  0x0001bf38    0x10  cpu.o [7]
  .text              ro code  0x0001bf48   0x618  ll_config.o [4]
  Veneer             ro code  0x0001c560     0x8  - Linker created -
  Veneer             ro code  0x0001c568     0x8  - Linker created -
  .text              ro code  0x0001c570   0x4f4  ll_isr.o [4]
  Veneer             ro code  0x0001ca64     0x8  - Linker created -
  .text              ro code  0x0001ca6c   0x334  ll_advEndCauses_PATCH.o [4]
  .text              ro code  0x0001cda0   0x148  CommonROM_Init.o [1]
  .text              ro code  0x0001cee8    0xd4  interrupt.o [7]
  .rodata            const    0x0001cfbc    0x5c  ll_config.o [4]
  .text              ro code  0x0001d018    0x40  zero_init3.o [8]
  .text              ro code  0x0001d058    0x38  packbits_init_single.o [8]
  .text              ro code  0x0001d090    0x28  data_init.o [8]
  .rodata            const    0x0001d0b8    0x25  OSAL_ICallBle.o [1]
  .text              ro code  0x0001d0e0    0x24  gatt_uuid.o [4]
  .iar.init_table    const    0x0001d104    0x20  - Linker created -
  .rodata            const    0x0001d124     0x8  gattservapp.o [4]
  .rodata            const    0x0001d12c     0x8  gapgattserver.o [4]
  .text              ro code  0x0001d134     0x2  hal_assert.o [1]
  .rodata            const    0x0001d136     0x0  zero_init3.o [8]
  .rodata            const    0x0001d136     0x0  packbits_init_single.o [8]
  Initializer bytes  const    0x0001d136   0x140  <for P2-1>
                            - 0x0001d276  0xd246

"A1":                                     0x1000
  .snvSectors        const    0x0001e000  0x1000  osal_snv_wrapper.o [1]
                            - 0x0001f000  0x1000

"P2", part 1 of 2:                         0x29c
  P2-1                        0x2000449c   0x29c  <Init block>
    .data            inited   0x2000449c    0x30  OSAL.o [1]
    .data            inited   0x200044cc    0x7c  osal_cbtimer.o [1]
    .data            inited   0x20004548    0x1c  gap_linkmgr.o [4]
    .data            inited   0x20004564    0x2c  gap_configmgr.o [4]
    .data            inited   0x20004590    0x50  gap_configmgr.o [4]
    .data            inited   0x200045e0    0x10  gap_centdevmgr.o [4]
    .data            inited   0x200045f0    0x1c  gap_peridevmgr.o [4]
    .data            inited   0x2000460c     0xc  gap_task.o [4]
    .data            inited   0x20004618     0x4  gap_perilinkmgr.o [4]
    .data            inited   0x2000461c    0x10  gattservapp.o [4]
    .data            inited   0x2000462c     0x8  gatt_server.o [4]
    .data            inited   0x20004634    0x24  gapgattserver.o [4]
    .data            inited   0x20004658    0x70  gapgattserver.o [4]
    .data            inited   0x200046c8    0x10  ll_config.o [4]
    .data            inited   0x200046d8     0xc  sm_rsppairing.o [4]
    .data            inited   0x200046e4    0x3c  ll_sleep.o [4]
    .data            inited   0x20004720     0xc  ll_common_PATCH.o [4]
    .data            inited   0x2000472c     0x4  osal_snv_wrapper.o [1]
    .data            inited   0x20004730     0x2  l2cap_task.o [4]
    .data            inited   0x20004732     0x1  gattservapp.o [4]
    .data            inited   0x20004733     0x1  gatt_task.o [4]
    .data            inited   0x20004734     0x1  gatt_server.o [4]
    .data            inited   0x20004735     0x1  gapgattserver.o [4]
    .data            inited   0x20004736     0x1  gapgattserver.o [4]
    .data            inited   0x20004737     0x1  gapgattserver.o [4]
                            - 0x20004738   0x29c

"P2", part 2 of 2:                         0x180
  .bss               zero     0x20004738    0x38  bleDispatch.o [1]
  .bss               zero     0x20004770    0x38  linkdb.o [4]
  .bss               zero     0x200047a8    0x30  l2cap_task.o [4]
  .bss               zero     0x200047d8    0x20  gattservapp.o [4]
  .bss               zero     0x200047f8    0x18  ll_sleep.o [4]
  .bss               zero     0x20004810    0x10  ll_PATCH.o [4]
  .bss               zero     0x20004820    0x10  hci_event_PATCH.o [4]
  .bss               zero     0x20004830     0xc  ICall_startup.o [1]
  .bss               zero     0x2000483c     0xc  sm_pairing.o [4]
  .bss               zero     0x20004848     0x8  OSAL_Clock.o [1]
  .bss               zero     0x20004850     0x8  OSAL_PwrMgr.o [1]
  .bss               zero     0x20004858     0x8  OSAL_Timers.o [1]
  .bss               zero     0x20004860     0x8  gattservapp.o [4]
  .bss               zero     0x20004868     0x8  gatt_task.o [4]
  .bss               zero     0x20004870     0x8  l2cap_task.o [4]
  .bss               zero     0x20004878     0x6  hci_tl.o [5]
  .bss               zero     0x2000487e     0x2  OSAL.o [1]
  .bss               zero     0x20004880     0x4  hal_trng_wrapper.o [1]
  .bss               zero     0x20004884     0x4  osal_bufmgr.o [1]
  .bss               zero     0x20004888     0x4  OSAL_ICallBle.o [1]
  .bss               zero     0x2000488c     0x4  att_server.o [4]
  .bss               zero     0x20004890     0x4  gap_linkmgr.o [4]
  .bss               zero     0x20004894     0x4  gap_devmgr.o [4]
  .bss               zero     0x20004898     0x4  gap_devmgr.o [4]
  .bss               zero     0x2000489c     0x4  gattservapp.o [4]
  .bss               zero     0x200048a0     0x4  gatt_server.o [4]
  .bss               zero     0x200048a4     0x4  gapgattserver.o [4]
  .bss               zero     0x200048a8     0x4  sm_mgr.o [4]
  .bss               zero     0x200048ac     0x2  gap_peridevmgr.o [4]
  .bss               zero     0x200048ae     0x2  gatt_task.o [4]
  .bss               zero     0x200048b0     0x2  ll_slaveEndCauses_PATCH.o [4]
  .bss               zero     0x200048b2     0x1  bleDispatch.o [1]
  .bss               zero     0x200048b3     0x1  l2cap_if.o [4]
  .bss               zero     0x200048b4     0x1  l2cap_util.o [4]
  .bss               zero     0x200048b5     0x1  sm_task.o [4]
  .bss               zero     0x200048b6     0x1  ll_sleep.o [4]
                            - 0x200048b7   0x17f


*******************************************************************************
*** INIT TABLE
***

          Address     Size
          -------     ----
Zero (__iar_zero_init3)
    1 destination range, total size 0x17f:
          0x20004738  0x17f

Copy/packbits (__iar_packbits_init_single3)
    1 source range, total size 0x140 (47% of destination):
          0x0001d136  0x140
    1 destination range, total size 0x29c:
          0x2000449c  0x29c



*******************************************************************************
*** MODULE SUMMARY
***

    Module                     ro code  ro data  rw data
    ------                     -------  -------  -------
C:\ti\simplelink\ble_cc26xx_2_01_00_44423\Projects\ble\JSensor-T\CC26xx\IAR\Stack\CC2640\FlashROM\Obj: [1]
    CommonROM_Init.o               328
    ICall_startup.o                 48                12
    OSAL.o                       1 796       22       50
    OSAL_Clock.o                    96                 8
    OSAL_ICallBle.o                268       37        4
    OSAL_MemoryICall.o              64
    OSAL_PwrMgr.o                  148                 8
    OSAL_Timers.o                  528                 8
    OnBoard.o                       20
    ROM_Init.o                   1 740
    bleDispatch.o                2 160                57
    bleUserConfig.o                 88
    gap.o                           70
    gattservapp_util.o             108
    hal_assert.o                     2
    hal_flash_wrapper.o             88
    hal_trng_wrapper.o             100                 4
    mb_PATCH.o                     660
    osal_bufmgr.o                  204                 4
    osal_cbtimer.o                 404       60      124
    osal_snv_wrapper.o           1 092    4 098        4
    ----------------------------------------------------
    Total:                      10 012    4 217      283

C:\ti\simplelink\ble_cc26xx_2_01_00_44423\Projects\common\BLE_ROM_Releases\04242014: [2]
    ----------------------------------------------------
    Total:

command line: [3]
    ----------------------------------------------------
    Total:

CC2640Stack.a: [4]
    att_server.o                   492                 4
    att_util.o                     932
    ble_PATCH.o                    898
    gap_centdevmgr.o             1 308        7       16
    gap_configmgr.o                856       60      124
    gap_devmgr.o                   130                 8
    gap_linkmgr.o                2 184       13       32
    gap_peridevmgr.o             1 652       14       30
    gap_perilinkmgr.o              268        1        4
    gap_task.o                     644        6       12
    gapgattserver.o                744       81      155
    gatt_server.o                2 520        4       13
    gatt_task.o                    760        1       11
    gatt_uuid.o                     36
    gattservapp.o                3 940       16       61
    hci_PATCH.o                    720
    hci_data_PATCH.o               168
    hci_event_PATCH.o              672                16
    l2cap_if.o                     310                 1
    l2cap_task.o                   644        1       58
    l2cap_util.o                 1 470                 1
    linkdb.o                       584                56
    ll_PATCH.o                   3 384        2       16
    ll_advEndCauses_PATCH.o        820
    ll_common_PATCH.o            2 380        6       12
    ll_config.o                  1 560      100       16
    ll_isr.o                     1 268
    ll_scheduler_PATCH.o           312
    ll_slaveEndCauses_PATCH.o    1 810                 2
    ll_sleep.o                   1 748       29       85
    sm_mgr.o                     1 620                 4
    sm_pairing.o                 1 876                12
    sm_rsppairing.o              1 368        5       12
    sm_task.o                      260                 1
    smp.o                          922
    ----------------------------------------------------
    Total:                      41 260      346      762

CC2640Stack_HCI_TL.a: [5]
    hci_tl.o                       108                 6
    ----------------------------------------------------
    Total:                         108                 6

dl7M_tln.a: [6]
    ----------------------------------------------------
    Total:

driverlib.lib: [7]
    cpu.o                           16
    flash.o                         44
    interrupt.o                    212
    trng.o                          52
    vims.o                          16
    ----------------------------------------------------
    Total:                         340

rt7M_tl.a: [8]
    ABImemclr.o                      6
    ABImemcpy_unaligned.o          118
    ABImemset.o                    102
    I64DivMod.o                    238
    I64DivZer.o                      2
    data_init.o                     40
    packbits_init_single.o          56
    strlen.o                        54
    zero_init3.o                    64
    ----------------------------------------------------
    Total:                         680

    Gaps                            27
    Linker created                 952       32
--------------------------------------------------------
    Grand Total:                53 379    4 595    1 051


*******************************************************************************
*** ENTRY LIST
***

Entry                      Address    Size  Type      Object
-----                      -------    ----  ----      ------
.iar.init_table$$Base   0x0001d104           --   Gb  - Linker created -
.iar.init_table$$Limit  0x0001d124           --   Gb  - Linker created -
A1_rw_1 {Abs}           0x10005000     0x4   --   Gb  ble_rom_PATCH.symbols [2]
A2_rw_1 {Abs}           0x1000dffe     0x2   --   Gb  ble_rom_PATCH.symbols [2]
A3_rw_1 {Abs}           0x1000dffc     0x2   --   Gb  ble_rom_PATCH.symbols [2]
A4_rw_1 {Abs}           0x200048e8    0x14   --   Gb  ble_rom_PATCH.symbols [2]
ATT_BuildErrorRsp       0x00012a53    0x12  Code  Gb  att_util.o [4]
ATT_BuildExchangeMTURsp
                        0x00012a6f     0x2  Code  Gb  att_util.o [4]
ATT_BuildFindByTypeValueRsp
                        0x00012ae3     0x8  Code  Gb  att_util.o [4]
ATT_BuildFindInfoRsp    0x00012a89    0x18  Code  Gb  att_util.o [4]
ATT_BuildHandleValueInd
                        0x00012c25     0x2  Code  Gb  att_util.o [4]
ATT_BuildPrepareWriteRsp
                        0x00012bf5     0x2  Code  Gb  att_util.o [4]
ATT_BuildReadBlobRsp    0x00012b9b     0x4  Code  Gb  att_util.o [4]
ATT_BuildReadByGrpTypeRsp
                        0x00012bbb     0x2  Code  Gb  att_util.o [4]
ATT_BuildReadByTypeRsp  0x00012b27     0x2  Code  Gb  att_util.o [4]
ATT_BuildReadMultiRsp   0x00012bb7     0x4  Code  Gb  att_util.o [4]
ATT_BuildReadRsp        0x00012b43     0x4  Code  Gb  att_util.o [4]
ATT_CompareUUID         0x00012ccb    0x50  Code  Gb  att_util.o [4]
ATT_ConvertUUIDto128    0x00012d1b    0x28  Code  Gb  att_util.o [4]
ATT_ErrorRsp            0x00012747     0xc  Code  Gb  att_server.o [4]
ATT_ExchangeMTURsp      0x00012759    0x18  Code  Gb  att_server.o [4]
ATT_ExecuteWriteRsp     0x0001288b     0xc  Code  Gb  att_server.o [4]
ATT_FindByTypeValueRsp  0x000127a1    0x20  Code  Gb  att_server.o [4]
ATT_FindInfoRsp         0x00012771    0x30  Code  Gb  att_server.o [4]
ATT_GetMTU              0x00012d6d    0x1e  Code  Gb  att_util.o [4]
ATT_HandleValueInd      0x000128ad    0x14  Code  Gb  att_server.o [4]
ATT_HandleValueNoti     0x00012897    0x16  Code  Gb  att_server.o [4]
ATT_ParseExchangeMTUReq
                        0x00012a65     0xa  Code  Gb  att_util.o [4]
ATT_ParseExecuteWriteReq
                        0x00012c13    0x12  Code  Gb  att_util.o [4]
ATT_ParseFindByTypeValueReq
                        0x00012aa1    0x42  Code  Gb  att_util.o [4]
ATT_ParseFindInfoReq    0x00012a7f     0xa  Code  Gb  att_util.o [4]
ATT_ParsePacket         0x000129f9    0x5a  Code  Gb  att_util.o [4]
ATT_ParsePrepareWriteReq
                        0x00012bcd    0x28  Code  Gb  att_util.o [4]
ATT_ParseReadBlobReq    0x00012b77     0xa  Code  Gb  att_util.o [4]
ATT_ParseReadByTypeReq  0x00012aeb    0x3c  Code  Gb  att_util.o [4]
ATT_ParseReadMultiReq   0x00012b9f    0x18  Code  Gb  att_util.o [4]
ATT_ParseReadReq        0x00012b29     0xa  Code  Gb  att_util.o [4]
ATT_ParseWriteReq       0x00012b47    0x2a  Code  Gb  att_util.o [4]
ATT_PrepareWriteRsp     0x00012871    0x1a  Code  Gb  att_server.o [4]
ATT_ReadBlobRsp         0x00012809    0x16  Code  Gb  att_server.o [4]
ATT_ReadByGrpTypeRsp    0x00012843    0x22  Code  Gb  att_server.o [4]
ATT_ReadByTypeRsp       0x000127c1    0x22  Code  Gb  att_server.o [4]
ATT_ReadMultiRsp        0x00012825    0x16  Code  Gb  att_server.o [4]
ATT_ReadRsp             0x000127ed    0x14  Code  Gb  att_server.o [4]
ATT_RegisterServer      0x00012741     0x6  Code  Gb  att_server.o [4]
ATT_UpdateMTU           0x00012d43    0x2a  Code  Gb  att_util.o [4]
ATT_WriteRsp            0x00012865     0xc  Code  Gb  att_server.o [4]
AddRoundKeySubBytes_Sw {Abs}
                        0x10016c29    0x1a  Code  Gb  ble_rom_PATCH.symbols [2]
AesCcm_authEncrypt_Sw {Abs}
                        0x10018a19    0x1a  Code  Gb  ble_rom_PATCH.symbols [2]
AesCcm_decryptAuth_Sw {Abs}
                        0x10018a35    0x18  Code  Gb  ble_rom_PATCH.symbols [2]
AesCcm_getNumBlocks_Sw {Abs}
                        0x10018b09     0x4  Code  Gb  ble_rom_PATCH.symbols [2]
Aes_decrypt_Sw {Abs}    0x10018ac5    0x2a  Code  Gb  ble_rom_PATCH.symbols [2]
Aes_encrypt_Sw {Abs}    0x10018a99    0x2a  Code  Gb  ble_rom_PATCH.symbols [2]
COMMON_RAM_BASE_ADDR {Abs}
                        0x20004f2c           --   Gb  ble_rom_PATCH.symbols [2]
COMMON_ROM_BASE_ADDR {Abs}
                        0x10014c01           --   Gb  ble_rom_PATCH.symbols [2]
CommonROM_Init          0x0001cda1    0x28  Code  Gb  CommonROM_Init.o [1]
FFMult_Sw {Abs}         0x10016d05    0x22  Code  Gb  ble_rom_PATCH.symbols [2]
Fill1_1 {Abs}           0x1000d9ec   0x610   --   Gb  ble_rom_PATCH.symbols [2]
GAP_Authenticate        0x00016e67    0x9a  Code  Gb  gap_linkmgr.o [4]
GAP_Bond                0x00016f9d    0x7a  Code  Gb  gap_linkmgr.o [4]
GAP_CentDevMgrInit      0x0001944f    0x64  Code  Gb  gap_centdevmgr.o [4]
GAP_ConfigDeviceAddr    0x00016a69    0xcc  Code  Gb  gap_configmgr.o [4]
GAP_DeviceDiscoveryCancel
                        0x0001941d    0x26  Code  Gb  gap_centdevmgr.o [4]
GAP_DeviceDiscoveryRequest
                        0x0001939d    0x80  Code  Gb  gap_centdevmgr.o [4]
GAP_DeviceInit          0x00019345    0x46  Code  Gb  gap.o [1]
GAP_EndDiscoverable     0x000199e5    0x4c  Code  Gb  gap_peridevmgr.o [4]
GAP_GetParamValue       0x000169f1    0x12  Code  Gb  gap_configmgr.o [4]
GAP_Init                0x0001581b    0x16  Code  Gb  gap_task.o [4]
GAP_MakeDiscoverable    0x000198d9    0x9e  Code  Gb  gap_peridevmgr.o [4]
GAP_NumActiveConnections
                        0x000158f7     0x4  Code  Gb  gap_task.o [4]
GAP_ParamsInit          0x00016a03    0x28  Code  Gb  gap_configmgr.o [4]
GAP_PasscodeUpdate      0x00016f51    0x4c  Code  Gb  gap_linkmgr.o [4]
GAP_PasskeyUpdate       0x00016f1f    0x32  Code  Gb  gap_linkmgr.o [4]
GAP_PeriConnRegister    0x00019f85    0x24  Code  Gb  gap_perilinkmgr.o [4]
GAP_PeriDevMgrInit      0x00019abd    0x6e  Code  Gb  gap_peridevmgr.o [4]
GAP_ProcessEvent        0x00015831    0xc6  Code  Gb  gap_task.o [4]
GAP_RegisterForMsgs     0x00015815     0x6  Code  Gb  gap_task.o [4]
GAP_RemoveAdvToken      0x00019a95    0x14  Code  Gb  gap_peridevmgr.o [4]
GAP_ResolvePrivateAddr  0x00018b6d     0x4  Code  Gb  gap_devmgr.o [4]
GAP_SecParamsInit       0x00016a2b    0x3e  Code  Gb  gap_configmgr.o [4]
GAP_SendSlaveSecurityRequest
                        0x00019f4d    0x38  Code  Gb  gap_perilinkmgr.o [4]
GAP_SetAdvToken         0x00019a31    0x58  Code  Gb  gap_peridevmgr.o [4]
GAP_SetParamValue       0x000169d5    0x1c  Code  Gb  gap_configmgr.o [4]
GAP_Signable            0x00016e1f    0x48  Code  Gb  gap_linkmgr.o [4]
GAP_TerminateAuth       0x00016f01    0x1e  Code  Gb  gap_linkmgr.o [4]
GAP_TerminateLinkReq    0x00016d35    0x7a  Code  Gb  gap_linkmgr.o [4]
GAP_UpdateAdvTokens     0x00019aa9    0x14  Code  Gb  gap_peridevmgr.o [4]
GAP_UpdateAdvertisingData
                        0x00019977    0x6e  Code  Gb  gap_peridevmgr.o [4]
GAP_UpdateLinkParamReq  0x00016daf    0x70  Code  Gb  gap_linkmgr.o [4]
GATTServApp_AddService  0x00010269    0x16  Code  Gb  gattservapp.o [4]
GATTServApp_DeregisterService
                        0x00010111    0x42  Code  Gb  gattservapp.o [4]
GATTServApp_GetParameter
                        0x000101b3    0x14  Code  Gb  gattservapp.o [4]
GATTServApp_Init        0x00010031    0x4e  Code  Gb  gattservapp.o [4]
GATTServApp_InitCharCfg
                        0x00012d9d    0x34  Code  Gb  gattservapp_util.o [1]
GATTServApp_ProcessEvent
                        0x0001007f    0x3e  Code  Gb  gattservapp.o [4]
GATTServApp_ReadAttr    0x00010c79   0x1f4  Code  Gb  gattservapp.o [4]
GATTServApp_ReadCharCfg
                        0x00012dd1     0xc  Code  Gb  gattservapp_util.o [1]
GATTServApp_RegisterService
                        0x000100bd    0x54  Code  Gb  gattservapp.o [4]
GATTServApp_SendCCCUpdatedEvent
                        0x00010f4d    0x36  Code  Gb  gattservapp.o [4]
GATTServApp_SetParameter
                        0x00010153    0x60  Code  Gb  gattservapp.o [4]
GATTServApp_TaskID      0x20004860     0x1  Data  Gb  gattservapp.o [4]
GATTServApp_WriteAttr   0x00010e6d    0x7a  Code  Gb  gattservapp.o [4]
GATT_AppCompletedMsg    0x00012311    0x28  Code  Gb  gatt_task.o [4]
GATT_DeregisterService  0x000110d3    0x40  Code  Gb  gatt_server.o [4]
GATT_FindHandle         0x000111ff    0x48  Code  Gb  gatt_server.o [4]
GATT_FindHandleUUID     0x000111a3    0x5c  Code  Gb  gatt_server.o [4]
GATT_FindNextAttr       0x00011247    0x7a  Code  Gb  gatt_server.o [4]
GATT_GetNextHandle      0x00011927     0x6  Code  Gb  gatt_server.o [4]
GATT_Indication         0x0001139b    0x5a  Code  Gb  gatt_server.o [4]
GATT_Init               0x00012339    0x1e  Code  Gb  gatt_task.o [4]
GATT_InitServer         0x00010fd5    0x66  Code  Gb  gatt_server.o [4]
GATT_Notification       0x000113f5    0x32  Code  Gb  gatt_server.o [4]
GATT_NotifyEvent        0x000124a3    0x14  Code  Gb  gatt_task.o [4]
GATT_ProcessEvent       0x00012357    0x30  Code  Gb  gatt_task.o [4]
GATT_RegisterForMsgs    0x000122ff     0x6  Code  Gb  gatt_task.o [4]
GATT_RegisterForReq     0x00011113     0x8  Code  Gb  gatt_server.o [4]
GATT_RegisterService    0x0001103b    0x98  Code  Gb  gatt_server.o [4]
GATT_SendRsp            0x000112e7    0xb4  Code  Gb  gatt_server.o [4]
GATT_ServiceEncKeySize  0x000112d7    0x10  Code  Gb  gatt_server.o [4]
GATT_ServiceNumAttrs    0x000112cb     0xc  Code  Gb  gatt_server.o [4]
GATT_SetHostToAppFlowCtrl
                        0x00012305     0xc  Code  Gb  gatt_task.o [4]
GATT_UpdateMTU          0x000124b7    0x26  Code  Gb  gatt_task.o [4]
GATT_VerifyReadPermissions
                        0x0001111b    0x36  Code  Gb  gatt_server.o [4]
GATT_VerifyWritePermissions
                        0x00011151    0x52  Code  Gb  gatt_server.o [4]
GATT_bm_alloc           0x00012565    0x78  Code  Gb  gatt_task.o [4]
GATT_bm_free            0x000125dd    0x14  Code  Gb  gatt_task.o [4]
GGS_AddService          0x0001a10f    0x18  Code  Gb  gapgattserver.o [4]
GGS_GetParameter        0x0001a0d9    0x36  Code  Gb  gapgattserver.o [4]
GGS_SetParameter        0x0001a059    0x80  Code  Gb  gapgattserver.o [4]
HCI_CommandCompleteEvent {Abs}
                        0x10008add    0xac  Code  Gb  ble_rom_PATCH.symbols [2]
HCI_CommandStatusEvent {Abs}
                        0x10008ba1    0x54  Code  Gb  ble_rom_PATCH.symbols [2]
HCI_DataBufferOverflowEvent {Abs}
                        0x10008a2d    0x24  Code  Gb  ble_rom_PATCH.symbols [2]
HCI_DisconnectCmd {Abs}
                        0x10009525    0x1a  Code  Gb  ble_rom_PATCH.symbols [2]
HCI_EXT_AdvEventNoticeCmd {Abs}
                        0x1000a0f1     0xa  Code  Gb  ble_rom_PATCH.symbols [2]
HCI_EXT_BuildRevisionCmd {Abs}
                        0x1000a109    0x4a  Code  Gb  ble_rom_PATCH.symbols [2]
HCI_EXT_ClkDivOnHaltCmd {Abs}
                        0x10009d79    0x1e  Code  Gb  ble_rom_PATCH.symbols [2]
HCI_EXT_ConnEventNoticeCmd
                        0x00013023     0x4  Code  Gb  hci_PATCH.o [4]
HCI_EXT_DeclareNvUsageCmd {Abs}
                        0x10009dad    0x22  Code  Gb  ble_rom_PATCH.symbols [2]
HCI_EXT_DecryptCmd {Abs}
                        0x10009dd1    0x5a  Code  Gb  ble_rom_PATCH.symbols [2]
HCI_EXT_DelaySleepCmd   0x00012fff    0x24  Code  Gb  hci_PATCH.o [4]
HCI_EXT_DisconnectImmedCmd {Abs}
                        0x1000a011    0x1e  Code  Gb  ble_rom_PATCH.symbols [2]
HCI_EXT_EnablePTMCmd {Abs}
                        0x10009f69    0x16  Code  Gb  ble_rom_PATCH.symbols [2]
HCI_EXT_EndModemTestCmd {Abs}
                        0x10009eed    0x1e  Code  Gb  ble_rom_PATCH.symbols [2]
HCI_EXT_ExtendRfRangeCmd {Abs}
                        0x1000a095    0x3a  Code  Gb  ble_rom_PATCH.symbols [2]
HCI_EXT_GetConnInfoCmd  0x00012e9b    0x82  Code  Gb  hci_PATCH.o [4]
HCI_EXT_HaltDuringRfCmd {Abs}
                        0x1000a0d1    0x1e  Code  Gb  ble_rom_PATCH.symbols [2]
HCI_EXT_MapPmIoPortCmd {Abs}
                        0x10009ff1    0x1e  Code  Gb  ble_rom_PATCH.symbols [2]
HCI_EXT_ModemHopTestTxCmd {Abs}
                        0x10009ead    0x1e  Code  Gb  ble_rom_PATCH.symbols [2]
HCI_EXT_ModemTestRxCmd {Abs}
                        0x10009ecd    0x1e  Code  Gb  ble_rom_PATCH.symbols [2]
HCI_EXT_ModemTestTxCmd {Abs}
                        0x10009e8d    0x1e  Code  Gb  ble_rom_PATCH.symbols [2]
HCI_EXT_NumComplPktsLimitCmd {Abs}
                        0x1000a1b5    0x1e  Code  Gb  ble_rom_PATCH.symbols [2]
HCI_EXT_OnePktPerEvtCmd {Abs}
                        0x10009d45    0x26  Code  Gb  ble_rom_PATCH.symbols [2]
HCI_EXT_OverlappedProcessingCmd {Abs}
                        0x1000a195    0x1e  Code  Gb  ble_rom_PATCH.symbols [2]
HCI_EXT_PERbyChanCmd {Abs}
                        0x1000a075    0x1e  Code  Gb  ble_rom_PATCH.symbols [2]
HCI_EXT_PacketErrorRateCmd {Abs}
                        0x1000a031    0x36  Code  Gb  ble_rom_PATCH.symbols [2]
HCI_EXT_ResetSystemCmd  0x00012fd1    0x2e  Code  Gb  hci_PATCH.o [4]
HCI_EXT_SaveFreqTuneCmd {Abs}
                        0x10009fb1    0x1e  Code  Gb  ble_rom_PATCH.symbols [2]
HCI_EXT_SetBDADDRCmd {Abs}
                        0x10009f0d    0x3a  Code  Gb  ble_rom_PATCH.symbols [2]
HCI_EXT_SetFastTxResponseTimeCmd {Abs}
                        0x10009e4d    0x1e  Code  Gb  ble_rom_PATCH.symbols [2]
HCI_EXT_SetFreqTuneCmd {Abs}
                        0x10009f81    0x1e  Code  Gb  ble_rom_PATCH.symbols [2]
HCI_EXT_SetLocalSupportedFeaturesCmd {Abs}
                        0x10009e2d    0x1e  Code  Gb  ble_rom_PATCH.symbols [2]
HCI_EXT_SetMaxDtmTxPowerCmd {Abs}
                        0x10009fd1    0x1e  Code  Gb  ble_rom_PATCH.symbols [2]
HCI_EXT_SetRxGainCmd {Abs}
                        0x10009cd5    0x34  Code  Gb  ble_rom_PATCH.symbols [2]
HCI_EXT_SetSCACmd {Abs}
                        0x10009f49    0x1e  Code  Gb  ble_rom_PATCH.symbols [2]
HCI_EXT_SetSlaveLatencyOverrideCmd {Abs}
                        0x10009e6d    0x1e  Code  Gb  ble_rom_PATCH.symbols [2]
HCI_EXT_SetTxPowerCmd {Abs}
                        0x10009d09    0x3a  Code  Gb  ble_rom_PATCH.symbols [2]
HCI_GAPTaskRegister     0x00015575     0x6  Code  Gb  hci_tl.o [5]
HCI_HardwareErrorEvent {Abs}
                        0x10008bf5    0x2e  Code  Gb  ble_rom_PATCH.symbols [2]
HCI_HostBufferSizeCmd {Abs}
                        0x10009631    0x2c  Code  Gb  ble_rom_PATCH.symbols [2]
HCI_HostNumCompletedPktCmd {Abs}
                        0x1000965d    0x5a  Code  Gb  ble_rom_PATCH.symbols [2]
HCI_Init                0x00015525    0x1e  Code  Gb  hci_tl.o [5]
HCI_L2CAPTaskRegister   0x0001557b     0x6  Code  Gb  hci_tl.o [5]
HCI_LE_AddWhiteListCmd {Abs}
                        0x10009a15    0x1c  Code  Gb  ble_rom_PATCH.symbols [2]
HCI_LE_ClearWhiteListCmd {Abs}
                        0x100099f9    0x1c  Code  Gb  ble_rom_PATCH.symbols [2]
HCI_LE_ConnUpdateCmd    0x00012fc1    0x10  Code  Gb  hci_PATCH.o [4]
HCI_LE_EncryptCmd {Abs}
                        0x10009af5    0x40  Code  Gb  ble_rom_PATCH.symbols [2]
HCI_LE_LtkReqNegReplyCmd {Abs}
                        0x10009be1    0x1c  Code  Gb  ble_rom_PATCH.symbols [2]
HCI_LE_LtkReqReplyCmd {Abs}
                        0x10009bc5    0x1c  Code  Gb  ble_rom_PATCH.symbols [2]
HCI_LE_RandCmd {Abs}    0x10009b51    0x3c  Code  Gb  ble_rom_PATCH.symbols [2]
HCI_LE_ReadAdvChanTxPowerCmd {Abs}
                        0x100098f5    0x20  Code  Gb  ble_rom_PATCH.symbols [2]
HCI_LE_ReadBufSizeCmd   0x00012f1d    0x26  Code  Gb  hci_PATCH.o [4]
HCI_LE_ReadChannelMapCmd {Abs}
                        0x10009aa1    0x36  Code  Gb  ble_rom_PATCH.symbols [2]
HCI_LE_ReadLocalSupportedFeaturesCmd {Abs}
                        0x10009829    0x1e  Code  Gb  ble_rom_PATCH.symbols [2]
HCI_LE_ReadRemoteUsedFeaturesCmd
                        0x00012f4b    0x2a  Code  Gb  hci_PATCH.o [4]
HCI_LE_ReadSupportedStatesCmd {Abs}
                        0x10009c15    0x22  Code  Gb  ble_rom_PATCH.symbols [2]
HCI_LE_ReadWhiteListSizeCmd {Abs}
                        0x100099c9    0x20  Code  Gb  ble_rom_PATCH.symbols [2]
HCI_LE_ReceiverTestCmd  0x00012f87    0x12  Code  Gb  hci_PATCH.o [4]
HCI_LE_RemoveWhiteListCmd {Abs}
                        0x10009a31    0x1c  Code  Gb  ble_rom_PATCH.symbols [2]
HCI_LE_SetAdvDataCmd {Abs}
                        0x100098a1    0x1c  Code  Gb  ble_rom_PATCH.symbols [2]
HCI_LE_SetAdvEnableCmd {Abs}
                        0x100098d9    0x1c  Code  Gb  ble_rom_PATCH.symbols [2]
HCI_LE_SetAdvParamCmd {Abs}
                        0x1000986d    0x34  Code  Gb  ble_rom_PATCH.symbols [2]
HCI_LE_SetEventMaskCmd  0x00013027    0x1e  Code  Gb  hci_PATCH.o [4]
HCI_LE_SetRandomAddressCmd {Abs}
                        0x10009849    0x24  Code  Gb  ble_rom_PATCH.symbols [2]
HCI_LE_SetScanEnableCmd {Abs}
                        0x10009941    0x1c  Code  Gb  ble_rom_PATCH.symbols [2]
HCI_LE_SetScanParamCmd {Abs}
                        0x10009915    0x2a  Code  Gb  ble_rom_PATCH.symbols [2]
HCI_LE_SetScanRspDataCmd {Abs}
                        0x100098bd    0x1c  Code  Gb  ble_rom_PATCH.symbols [2]
HCI_LE_TestEndCmd {Abs}
                        0x10009c8d    0x32  Code  Gb  ble_rom_PATCH.symbols [2]
HCI_LE_TransmitterTestCmd
                        0x00012f75    0x12  Code  Gb  hci_PATCH.o [4]
HCI_NumOfCompletedPacketsEvent
                        0x000153c9    0xba  Code  Gb  hci_event_PATCH.o [4]
HCI_ProcessEvent        0x00015543    0x32  Code  Gb  hci_tl.o [5]
HCI_ReadBDADDRCmd {Abs}
                        0x10009765    0x26  Code  Gb  ble_rom_PATCH.symbols [2]
HCI_ReadLocalSupportedCommandsCmd
                        0x00012e87    0x14  Code  Gb  hci_PATCH.o [4]
HCI_ReadLocalSupportedFeaturesCmd {Abs}
                        0x1000973d    0x20  Code  Gb  ble_rom_PATCH.symbols [2]
HCI_ReadLocalVersionInfoCmd
                        0x0001305d    0x58  Code  Gb  hci_PATCH.o [4]
HCI_ReadRemoteVersionInfoCmd {Abs}
                        0x10009541    0x30  Code  Gb  ble_rom_PATCH.symbols [2]
HCI_ReadRssiCmd {Abs}   0x1000978d    0x20  Code  Gb  ble_rom_PATCH.symbols [2]
HCI_ReadTransmitPowerLevelCmd {Abs}
                        0x100095d1    0x22  Code  Gb  ble_rom_PATCH.symbols [2]
HCI_ResetCmd            0x00012e65    0x22  Code  Gb  hci_PATCH.o [4]
HCI_ReverseBytes {Abs}  0x1000d7cd    0x1e  Code  Gb  ble_rom_PATCH.symbols [2]
HCI_SMPTaskRegister     0x00015581     0x6  Code  Gb  hci_tl.o [5]
HCI_SendCommandCompleteEvent {Abs}
                        0x10008c81    0xb0  Code  Gb  ble_rom_PATCH.symbols [2]
HCI_SendCommandStatusEvent {Abs}
                        0x10008c59    0x28  Code  Gb  ble_rom_PATCH.symbols [2]
HCI_SendControllerToHostEvent {Abs}
                        0x10008d31    0x50  Code  Gb  ble_rom_PATCH.symbols [2]
HCI_SendDataPkt {Abs}   0x100094e9    0x3a  Code  Gb  ble_rom_PATCH.symbols [2]
HCI_SetControllerToHostFlowCtrlCmd {Abs}
                        0x100095f5    0x3c  Code  Gb  ble_rom_PATCH.symbols [2]
HCI_SetEventMaskCmd {Abs}
                        0x10009571    0x2c  Code  Gb  ble_rom_PATCH.symbols [2]
HCI_SetEventMaskPage2Cmd
                        0x00012f99    0x1e  Code  Gb  hci_PATCH.o [4]
HCI_ValidConnTimeParams
                        0x00012e29    0x3c  Code  Gb  hci_PATCH.o [4]
HCI_VendorSpecifcCommandCompleteEvent
                        0x000154a7    0x58  Code  Gb  hci_event_PATCH.o [4]
HCI_bm_alloc {Abs}      0x100094a1     0xc  Code  Gb  ble_rom_PATCH.symbols [2]
HalFlashGetAddress      0x0001a383    0x16  Code  Gb  hal_flash_wrapper.o [1]
HalFlashRead            0x0001a341    0x30  Code  Gb  hal_flash_wrapper.o [1]
HalFlashWrite           0x0001a379     0xa  Code  Gb  hal_flash_wrapper.o [1]
HalTRNG_GetTRNG         0x00017cc1    0x2e  Code  Gb  hal_trng_wrapper.o [1]
HalTRNG_InitTRNG        0x00017ca1    0x20  Code  Gb  hal_trng_wrapper.o [1]
ICall_abort             0x00011c3d     0xe  Code  Lc  OSAL.o [1]
ICall_disableInt        0x0001a45d     0xe  Code  Lc  mb_PATCH.o [1]
ICall_dispatcher        0x20004830     0x4  Data  Gb  ICall_startup.o [1]
ICall_enableInt         0x0001a44d    0x10  Code  Lc  mb_PATCH.o [1]
ICall_enrollService     0x00013459    0x30  Code  Lc  OSAL_ICallBle.o [1]
ICall_enterCriticalSection
                        0x20004834     0x4  Data  Gb  ICall_startup.o [1]
ICall_getTicks          0x00011c59    0x12  Code  Lc  OSAL.o [1]
ICall_leaveCriticalSection
                        0x20004838     0x4  Data  Gb  ICall_startup.o [1]
ICall_pwrDispense       0x00017627     0xe  Code  Lc  ll_sleep.o [4]
ICall_pwrIsStableXOSCHF
                        0x0001763d    0x14  Code  Lc  ll_sleep.o [4]
ICall_pwrRequire        0x0001760b     0xc  Code  Lc  ll_sleep.o [4]
ICall_pwrSwitchXOSCHF   0x00017651     0xe  Code  Lc  ll_sleep.o [4]
ICall_pwrUpdActivityCounter
                        0x000133c5    0x1e  Code  Lc  OSAL_PwrMgr.o [1]
ICall_pwrUpdActivityCounter
                        0x000175fb    0x10  Code  Lc  ll_sleep.o [4]
ICall_registerISR_Ext   0x0001a479    0x22  Code  Lc  mb_PATCH.o [1]
ICall_send              0x00011c13    0x2a  Code  Lc  OSAL.o [1]
ICall_setTimer          0x000175cd    0x2e  Code  Lc  ll_sleep.o [4]
ICall_signal            0x00011bf5    0x1e  Code  Lc  OSAL.o [1]
IOCapMatrix             0x00019328    0x1c  Data  Lc  sm_pairing.o [4]
IntMasterDisable        0x0001b875     0x6  Code  Lc  ROM_Init.o [1]
IntMasterEnable         0x0001b86d     0x8  Code  Lc  ROM_Init.o [1]
InvAddRoundKey_Sw {Abs}
                        0x10016da1    0x26  Code  Gb  ble_rom_PATCH.symbols [2]
InvMixColumns_Sw {Abs}  0x10016ed5    0x70  Code  Gb  ble_rom_PATCH.symbols [2]
InvRoundKey_Sw {Abs}    0x10016dc9    0xc4  Code  Gb  ble_rom_PATCH.symbols [2]
InvShiftRows_Sw {Abs}   0x10016ea1    0x32  Code  Gb  ble_rom_PATCH.symbols [2]
InvSubBytes_Sw {Abs}    0x10016e8d    0x14  Code  Gb  ble_rom_PATCH.symbols [2]
L2CAP_BuildCmdReject    0x00013ad3    0x3e  Code  Gb  l2cap_util.o [4]
L2CAP_CmdReject         0x00012695     0xe  Code  Gb  l2cap_if.o [4]
L2CAP_ConnParamUpdateReq
                        0x000126a3    0x12  Code  Gb  l2cap_if.o [4]
L2CAP_GetMTU            0x0001271d     0x6  Code  Gb  l2cap_if.o [4]
L2CAP_HostNumCompletedPkts
                        0x000126fb    0x16  Code  Gb  l2cap_if.o [4]
L2CAP_Init              0x00015591    0x62  Code  Gb  l2cap_task.o [4]
L2CAP_ParseParamUpdateReq
                        0x00013b7d    0x3a  Code  Gb  l2cap_util.o [4]
L2CAP_ProcessEvent      0x000155f3    0x48  Code  Gb  l2cap_task.o [4]
L2CAP_RegisterApp       0x00012609    0x2a  Code  Gb  l2cap_if.o [4]
L2CAP_SendData          0x00012633    0x62  Code  Gb  l2cap_if.o [4]
L2CAP_SetBufSize        0x00012711     0xc  Code  Gb  l2cap_if.o [4]
L2CAP_SetControllerToHostFlowCtrl
                        0x000126c1    0x3a  Code  Gb  l2cap_if.o [4]
L2CAP_SetUserConfig     0x0001273d     0x2  Code  Gb  l2cap_if.o [4]
L2CAP_bm_alloc          0x00013dfd    0x1a  Code  Gb  l2cap_util.o [4]
LL_AddWhiteListDevice {Abs}
                        0x10005739    0x2a  Code  Gb  ble_rom_PATCH.symbols [2]
LL_AdvReportCback {Abs}
                        0x10008d81   0x120  Code  Gb  ble_rom_PATCH.symbols [2]
LL_ClearWhiteList {Abs}
                        0x10005719    0x20  Code  Gb  ble_rom_PATCH.symbols [2]
LL_ConnActive {Abs}     0x1000678d    0x2e  Code  Gb  ble_rom_PATCH.symbols [2]
LL_ConnParamUpdateCback
                        0x000152c3    0x8e  Code  Gb  hci_event_PATCH.o [4]
LL_ConnectionCompleteCback {Abs}
                        0x10008ead   0x140  Code  Gb  ble_rom_PATCH.symbols [2]
LL_CtrlToHostFlowControl {Abs}
                        0x100058d5    0x14  Code  Gb  ble_rom_PATCH.symbols [2]
LL_DirectTestEnd        0x00014f75    0x76  Code  Gb  ll_PATCH.o [4]
LL_DirectTestEndDoneCback {Abs}
                        0x10009471    0x24  Code  Gb  ble_rom_PATCH.symbols [2]
LL_DirectTestRxTest     0x00014eb1    0xc4  Code  Gb  ll_PATCH.o [4]
LL_DirectTestTxTest     0x00014dbf    0xf2  Code  Gb  ll_PATCH.o [4]
LL_Disconnect {Abs}     0x10005a39    0x66  Code  Gb  ble_rom_PATCH.symbols [2]
LL_DisconnectCback {Abs}
                        0x10009005    0x80  Code  Gb  ble_rom_PATCH.symbols [2]
LL_ENC_AES128_Decrypt {Abs}
                        0x1000b639    0x40  Code  Gb  ble_rom_PATCH.symbols [2]
LL_ENC_AES128_Encrypt {Abs}
                        0x1000b5f5    0x42  Code  Gb  ble_rom_PATCH.symbols [2]
LL_ENC_Decrypt {Abs}    0x1000b9dd    0xb8  Code  Gb  ble_rom_PATCH.symbols [2]
LL_ENC_DecryptMsg {Abs}
                        0x1000b851   0x112  Code  Gb  ble_rom_PATCH.symbols [2]
LL_ENC_Encrypt {Abs}    0x1000b965    0x78  Code  Gb  ble_rom_PATCH.symbols [2]
LL_ENC_EncryptMsg {Abs}
                        0x1000b721   0x12e  Code  Gb  ble_rom_PATCH.symbols [2]
LL_ENC_GenDeviceIV {Abs}
                        0x1000b555    0x14  Code  Gb  ble_rom_PATCH.symbols [2]
LL_ENC_GenDeviceSKD {Abs}
                        0x1000b541    0x12  Code  Gb  ble_rom_PATCH.symbols [2]
LL_ENC_GenerateNonce {Abs}
                        0x1000b569    0x22  Code  Gb  ble_rom_PATCH.symbols [2]
LL_ENC_GeneratePseudoRandNum {Abs}
                        0x1000b50d    0x10  Code  Gb  ble_rom_PATCH.symbols [2]
LL_ENC_GenerateTrueRandNum {Abs}
                        0x1000b51d    0x22  Code  Gb  ble_rom_PATCH.symbols [2]
LL_ENC_Init {Abs}       0x1000b4c9    0x22  Code  Gb  ble_rom_PATCH.symbols [2]
LL_ENC_LoadKey {Abs}    0x1000b58d    0x68  Code  Gb  ble_rom_PATCH.symbols [2]
LL_ENC_ReverseBytes {Abs}
                        0x1000b4ed    0x1e  Code  Gb  ble_rom_PATCH.symbols [2]
LL_EXT_AdvEventNotice {Abs}
                        0x10007025    0x18  Code  Gb  ble_rom_PATCH.symbols [2]
LL_EXT_BuildRevision    0x000151a3    0x28  Code  Gb  ll_PATCH.o [4]
LL_EXT_ClkDivOnHalt {Abs}
                        0x10006b7d     0x4  Code  Gb  ble_rom_PATCH.symbols [2]
LL_EXT_ConnEventNotice  0x00015185    0x1e  Code  Gb  ll_PATCH.o [4]
LL_EXT_DeclareNvUsage {Abs}
                        0x10006b81     0x4  Code  Gb  ble_rom_PATCH.symbols [2]
LL_EXT_Decrypt {Abs}    0x10006b85    0x20  Code  Gb  ble_rom_PATCH.symbols [2]
LL_EXT_DelaySleep {Abs}
                        0x100070a1    0x32  Code  Gb  ble_rom_PATCH.symbols [2]
LL_EXT_DisconnectImmed {Abs}
                        0x10006f4d    0x4a  Code  Gb  ble_rom_PATCH.symbols [2]
LL_EXT_EndModemTest {Abs}
                        0x10006dd1    0x2c  Code  Gb  ble_rom_PATCH.symbols [2]
LL_EXT_ExtendRfRange {Abs}
                        0x1000701d     0x4  Code  Gb  ble_rom_PATCH.symbols [2]
LL_EXT_ExtendRfRangeCback {Abs}
                        0x1000a2ad    0x10  Code  Gb  ble_rom_PATCH.symbols [2]
LL_EXT_GetConnInfo      0x00014a3f    0xa4  Code  Gb  ll_PATCH.o [4]
LL_EXT_HaltDuringRf {Abs}
                        0x10007021     0x4  Code  Gb  ble_rom_PATCH.symbols [2]
LL_EXT_MapPmIoPort {Abs}
                        0x10006f49     0x4  Code  Gb  ble_rom_PATCH.symbols [2]
LL_EXT_ModemHopTestTx {Abs}
                        0x10006c91    0xa2  Code  Gb  ble_rom_PATCH.symbols [2]
LL_EXT_ModemTestRx      0x00014d3d    0x82  Code  Gb  ll_PATCH.o [4]
LL_EXT_ModemTestTx {Abs}
                        0x10006c01    0x8a  Code  Gb  ble_rom_PATCH.symbols [2]
LL_EXT_NumComplPktsLimit {Abs}
                        0x1000710d    0x1e  Code  Gb  ble_rom_PATCH.symbols [2]
LL_EXT_OnePacketPerEvent {Abs}
                        0x10006b59    0x20  Code  Gb  ble_rom_PATCH.symbols [2]
LL_EXT_OverlappedProcessing {Abs}
                        0x10007109     0x4  Code  Gb  ble_rom_PATCH.symbols [2]
LL_EXT_PERbyChan {Abs}  0x10006fed    0x1e  Code  Gb  ble_rom_PATCH.symbols [2]
LL_EXT_PacketErrorRate {Abs}
                        0x10006f99    0x52  Code  Gb  ble_rom_PATCH.symbols [2]
LL_EXT_PacketErrorRateCback {Abs}
                        0x1000a259    0x52  Code  Gb  ble_rom_PATCH.symbols [2]
LL_EXT_ResetSystem {Abs}
                        0x100070d5    0x34  Code  Gb  ble_rom_PATCH.symbols [2]
LL_EXT_SaveFreqTune {Abs}
                        0x10006efd     0x4  Code  Gb  ble_rom_PATCH.symbols [2]
LL_EXT_SetBDADDR {Abs}  0x10006e01    0x82  Code  Gb  ble_rom_PATCH.symbols [2]
LL_EXT_SetFastTxResponseTime {Abs}
                        0x10006bc5    0x16  Code  Gb  ble_rom_PATCH.symbols [2]
LL_EXT_SetFreqTune {Abs}
                        0x10006ef9     0x4  Code  Gb  ble_rom_PATCH.symbols [2]
LL_EXT_SetLocalSupportedFeatures
                        0x00014bb9    0x30  Code  Gb  ll_PATCH.o [4]
LL_EXT_SetMaxDtmTxPower
                        0x00014c21    0x1c  Code  Gb  ll_PATCH.o [4]
LL_EXT_SetRxGain {Abs}  0x10006ad9     0xe  Code  Gb  ble_rom_PATCH.symbols [2]
LL_EXT_SetRxGainCback {Abs}
                        0x1000a201    0x10  Code  Gb  ble_rom_PATCH.symbols [2]
LL_EXT_SetSCA {Abs}     0x10006e85    0x74  Code  Gb  ble_rom_PATCH.symbols [2]
LL_EXT_SetSlaveLatencyOverride {Abs}
                        0x10006bdd    0x24  Code  Gb  ble_rom_PATCH.symbols [2]
LL_EXT_SetTxPower       0x00014be9    0x38  Code  Gb  ll_PATCH.o [4]
LL_EXT_SetTxPowerCback {Abs}
                        0x1000a211    0x10  Code  Gb  ble_rom_PATCH.symbols [2]
LL_EncChangeCback {Abs}
                        0x1000933d    0x6a  Code  Gb  ble_rom_PATCH.symbols [2]
LL_EncKeyRefreshCback {Abs}
                        0x100093dd    0x6a  Code  Gb  ble_rom_PATCH.symbols [2]
LL_EncLtkNegReply       0x00014b31    0x3a  Code  Gb  ll_PATCH.o [4]
LL_EncLtkReply          0x00014aeb    0x46  Code  Gb  ll_PATCH.o [4]
LL_EncLtkReqCback {Abs}
                        0x1000925d    0xde  Code  Gb  ble_rom_PATCH.symbols [2]
LL_Encrypt {Abs}        0x100057d5    0x20  Code  Gb  ble_rom_PATCH.symbols [2]
LL_GetNumActiveConns    0x00015171     0xc  Code  Gb  ll_PATCH.o [4]
LL_Init                 0x00014545   0x2c4  Code  Gb  ll_PATCH.o [4]
LL_NumEmptyWlEntries {Abs}
                        0x100057b9    0x14  Code  Gb  ble_rom_PATCH.symbols [2]
LL_PM_Enter_AES         0x00017c89    0x12  Code  Gb  ll_sleep.o [4]
LL_PM_Exit_AES          0x00017c9b     0x6  Code  Gb  ll_sleep.o [4]
LL_PM_ForceSysBusThroughRF
                        0x0001766d     0x8  Code  Gb  ll_sleep.o [4]
LL_PM_GetRfCoreState    0x00017a41    0x16  Code  Gb  ll_sleep.o [4]
LL_PM_Init              0x000179d3    0x66  Code  Gb  ll_sleep.o [4]
LL_PM_InitRadioSetupCmd
                        0x00017675    0x3a  Code  Gb  ll_sleep.o [4]
LL_PM_NotifySleep       0x00017b89    0x12  Code  Lc  ll_sleep.o [4]
LL_PM_PowerCycleRadio   0x00017b63     0x2  Code  Gb  ll_sleep.o [4]
LL_PM_PowerOffRfCore    0x00017897    0x2c  Code  Gb  ll_sleep.o [4]
LL_PM_PowerOffRfCoreOptimize
                        0x000178fb    0xac  Code  Gb  ll_sleep.o [4]
LL_PM_PowerOnReq        0x00017bd5    0x3a  Code  Gb  ll_sleep.o [4]
LL_PM_PowerOnRfCore     0x00017821    0x76  Code  Gb  ll_sleep.o [4]
LL_PM_PowerOnRfCoreOptimize
                        0x0001772b    0xec  Code  Gb  ll_sleep.o [4]
LL_PM_RFCmdDoneEventCallback
                        0x20004718     0x4  Data  Gb  ll_sleep.o [4]
LL_PM_RFStartupState_2  0x000176af    0x7c  Code  Lc  ll_sleep.o [4]
LL_PM_SendWakeUpCmd     0x00017bc1    0x14  Code  Lc  ll_sleep.o [4]
LL_PM_SetPowerMgrRequierements
                        0x00017b9b    0x26  Code  Lc  ll_sleep.o [4]
LL_PM_ShutdownFS        0x000178c3    0x38  Code  Gb  ll_sleep.o [4]
LL_PM_StartRfTask       0x00017a57    0xce  Code  Gb  ll_sleep.o [4]
LL_PM_StopCurTaskTimer  0x00017b25    0x2c  Code  Gb  ll_sleep.o [4]
LL_PM_WakeupHandler     0x00017b65    0x22  Code  Lc  ll_sleep.o [4]
LL_ProcessEvent         0x00014817    0xf4  Code  Gb  ll_PATCH.o [4]
LL_PseudoRand {Abs}     0x10005801    0x2c  Code  Gb  ble_rom_PATCH.symbols [2]
LL_RX_bm_alloc {Abs}    0x1000556d    0x22  Code  Gb  ble_rom_PATCH.symbols [2]
LL_Rand {Abs}           0x100057f5     0xc  Code  Gb  ble_rom_PATCH.symbols [2]
LL_RandCback {Abs}      0x1000a1d5    0x2a  Code  Gb  ble_rom_PATCH.symbols [2]
LL_ReadAdvChanTxPower {Abs}
                        0x10006105    0x28  Code  Gb  ble_rom_PATCH.symbols [2]
LL_ReadBDADDR {Abs}     0x100056c9    0x20  Code  Gb  ble_rom_PATCH.symbols [2]
LL_ReadChanMap {Abs}    0x100059a1    0x34  Code  Gb  ble_rom_PATCH.symbols [2]
LL_ReadLocalSupportedFeatures {Abs}
                        0x10005879    0x24  Code  Gb  ble_rom_PATCH.symbols [2]
LL_ReadLocalVersionInfo {Abs}
                        0x1000589d    0x38  Code  Gb  ble_rom_PATCH.symbols [2]
LL_ReadRemoteUsedFeatures
                        0x00014b6b    0x3e  Code  Gb  ll_PATCH.o [4]
LL_ReadRemoteUsedFeaturesCompleteCback
                        0x00015351    0x6a  Code  Gb  hci_event_PATCH.o [4]
LL_ReadRemoteVersionInfo {Abs}
                        0x100058e9    0x6a  Code  Gb  ble_rom_PATCH.symbols [2]
LL_ReadRemoteVersionInfoCback {Abs}
                        0x100091e1    0x6a  Code  Gb  ble_rom_PATCH.symbols [2]
LL_ReadRssi {Abs}       0x100059d5    0x64  Code  Gb  ble_rom_PATCH.symbols [2]
LL_ReadSupportedStates  0x00015145    0x2c  Code  Gb  ll_PATCH.o [4]
LL_ReadTxPowerLevel     0x00014c3d    0x3e  Code  Gb  ll_PATCH.o [4]
LL_ReadWlSize {Abs}     0x100057a1    0x16  Code  Gb  ble_rom_PATCH.symbols [2]
LL_RemoveWhiteListDevice {Abs}
                        0x10005765    0x2c  Code  Gb  ble_rom_PATCH.symbols [2]
LL_Reset                0x0001491f   0x120  Code  Gb  ll_PATCH.o [4]
LL_RxDataCompleteCback  0x0001a725    0xa8  Code  Gb  hci_data_PATCH.o [4]
LL_SetAdvControl        0x00015009   0x134  Code  Gb  ll_PATCH.o [4]
LL_SetAdvData {Abs}     0x10005f89    0x40  Code  Gb  ble_rom_PATCH.symbols [2]
LL_SetAdvParam {Abs}    0x10005e69   0x120  Code  Gb  ble_rom_PATCH.symbols [2]
LL_SetRandomAddress {Abs}
                        0x100056e9    0x2e  Code  Gb  ble_rom_PATCH.symbols [2]
LL_SetScanControl {Abs}
                        0x10006209   0x11e  Code  Gb  ble_rom_PATCH.symbols [2]
LL_SetScanParam {Abs}   0x1000617d    0x88  Code  Gb  ble_rom_PATCH.symbols [2]
LL_SetScanRspData {Abs}
                        0x1000612d    0x46  Code  Gb  ble_rom_PATCH.symbols [2]
LL_TX_bm_alloc {Abs}    0x10005549    0x22  Code  Gb  ble_rom_PATCH.symbols [2]
LL_TaskID {Abs}         0x20004c84     0x1  Data  Gb  ble_rom_PATCH.symbols [2]
LL_TxData               0x00014c7b    0xb6  Code  Gb  ll_PATCH.o [4]
MB_ClearInts            0x0001a579    0x10  Code  Gb  mb_PATCH.o [1]
MB_DisableInts          0x0001a53d    0x3c  Code  Gb  mb_PATCH.o [1]
MB_EnableHWInts         0x0001a599    0x2c  Code  Gb  mb_PATCH.o [1]
MB_EnableInts           0x0001a4e7    0x56  Code  Gb  mb_PATCH.o [1]
MB_FwDebugDump {Abs}    0x10018945     0x2  Code  Gb  ble_rom_PATCH.symbols [2]
MB_Init                 0x0001a49b    0x4c  Code  Gb  mb_PATCH.o [1]
MB_ReadMailboxStatus {Abs}
                        0x10018935     0x6  Code  Gb  ble_rom_PATCH.symbols [2]
MB_RegisterIsrCback {Abs}
                        0x1001893d     0x8  Code  Gb  ble_rom_PATCH.symbols [2]
MB_SendCommand          0x0001a5cb    0x22  Code  Gb  mb_PATCH.o [1]
MB_SendCommandSynch     0x0001a5ed    0x58  Code  Gb  mb_PATCH.o [1]
MixColumns_Sw {Abs}     0x10016c79    0x8a  Code  Gb  ble_rom_PATCH.symbols [2]
NOROM_CPUcpsid          0x0001bf39     0x8  Code  Gb  cpu.o [7]
NOROM_CPUcpsie          0x0001bf41     0x8  Code  Gb  cpu.o [7]
NOROM_FlashProgram      0x0001a3a3     0xc  Code  Gb  flash.o [7]
NOROM_FlashSectorErase  0x0001a399     0xa  Code  Gb  flash.o [7]
NOROM_IntDisable        0x0001cf4b    0x62  Code  Gb  interrupt.o [7]
NOROM_IntEnable         0x0001cee9    0x62  Code  Gb  interrupt.o [7]
NOROM_TRNGConfigure     0x0001a6e1    0x2e  Code  Gb  trng.o [7]
NOROM_VIMSModeGet       0x0001a43d    0x10  Code  Gb  vims.o [7]
NVOCOP_initNV           0x00016585    0x42  Code  Gb  osal_snv_wrapper.o [1]
NVOCOP_readItem         0x000165c7    0x30  Code  Gb  osal_snv_wrapper.o [1]
NVOCOP_writeItem        0x000165f7    0xda  Code  Gb  osal_snv_wrapper.o [1]
NV_FLASH                0x0001e000  0x1000  Data  Gb  osal_snv_wrapper.o [1]
OSAL_timeSeconds        0x2000484c     0x4  Data  Gb  OSAL_Clock.o [1]
Onboard_rand            0x000131a1    0x10  Code  Gb  OnBoard.o [1]
Onboard_soft_reset      0x000131b1     0x2  Code  Gb  OnBoard.o [1]
P1_ro_1 {Abs}           0x10005004  0x89e8   --   Gb  ble_rom_PATCH.symbols [2]
P1_ro_2 {Abs}           0x10019ffe           --   Gb  ble_rom_PATCH.symbols [2]
P1_ro_2_1 {Abs}         0x1000dffe           --   Gb  ble_rom_PATCH.symbols [2]
P2_rw {Abs}             0x20004f40           --   Gb  ble_rom_PATCH.symbols [2]
P2_zi_1 {Abs}           0x200048fc   0x630   --   Gb  ble_rom_PATCH.symbols [2]
PAGE_SIZE {Abs}         0x00001000          Data  Gb  command line/config [3]
R2F_Flash_JT            0x0001b8d4    0x9c  Data  Gb  ROM_Init.o [1]
R2F_Flash_JT_CommonROM  0x0001cddc    0x18  Data  Gb  CommonROM_Init.o [1]
R2R_Flash_JT            0x0001b970   0x5c8  Data  Gb  ROM_Init.o [1]
R2R_Flash_JT_CommonROM  0x0001cdf4    0xf4  Data  Gb  CommonROM_Init.o [1]
RAM_BASE_ADDR {Abs}     0x200048e8           --   Gb  ble_rom_PATCH.symbols [2]
RATRunningTime          0x20004700     0x4  Data  Lc  ll_sleep.o [4]
RATStartTime            0x20004704     0x4  Data  Lc  ll_sleep.o [4]
RFHAL_AddTxDataEntry {Abs}
                        0x10018415    0x6e  Code  Gb  ble_rom_PATCH.symbols [2]
RFHAL_AllocDataEntry {Abs}
                        0x100184f9    0x4e  Code  Gb  ble_rom_PATCH.symbols [2]
RFHAL_AllocDataEntryQueue {Abs}
                        0x100184a9    0x1a  Code  Gb  ble_rom_PATCH.symbols [2]
RFHAL_AllocRatChan {Abs}
                        0x10018315    0x26  Code  Gb  ble_rom_PATCH.symbols [2]
RFHAL_BuildDataEntryRingBuffer {Abs}
                        0x100185e1    0x7c  Code  Gb  ble_rom_PATCH.symbols [2]
RFHAL_BuildLinkedBuffer {Abs}
                        0x10018669    0x8e  Code  Gb  ble_rom_PATCH.symbols [2]
RFHAL_BuildRingBuffer {Abs}
                        0x10018551    0x90  Code  Gb  ble_rom_PATCH.symbols [2]
RFHAL_FreeDataEntry {Abs}
                        0x10018549     0x8  Code  Gb  ble_rom_PATCH.symbols [2]
RFHAL_FreeDataEntryQueue {Abs}
                        0x100184c5     0x8  Code  Gb  ble_rom_PATCH.symbols [2]
RFHAL_FreeNextTxDataEntry {Abs}
                        0x10018485    0x22  Code  Gb  ble_rom_PATCH.symbols [2]
RFHAL_FreeRatChan {Abs}
                        0x1001833d    0x2a  Code  Gb  ble_rom_PATCH.symbols [2]
RFHAL_GetNextDataEntry {Abs}
                        0x100184cd     0x4  Code  Gb  ble_rom_PATCH.symbols [2]
RFHAL_GetTempDataEntry {Abs}
                        0x100184d1     0x4  Code  Gb  ble_rom_PATCH.symbols [2]
RFHAL_InitDataQueue {Abs}
                        0x100183b9     0xc  Code  Gb  ble_rom_PATCH.symbols [2]
RFHAL_InitRfHal {Abs}   0x100182ad    0x66  Code  Gb  ble_rom_PATCH.symbols [2]
RFHAL_MapRatChansToInt {Abs}
                        0x10018369    0x26  Code  Gb  ble_rom_PATCH.symbols [2]
RFHAL_NextDataEntryDone {Abs}
                        0x100184d5    0x24  Code  Gb  ble_rom_PATCH.symbols [2]
RFHAL_RegisterRatChanCallback {Abs}
                        0x10018391    0x26  Code  Gb  ble_rom_PATCH.symbols [2]
ROM_BASE_ADDR {Abs}     0x10005001           --   Gb  ble_rom_PATCH.symbols [2]
ROM_Init                0x0001b897    0x28  Code  Gb  ROM_Init.o [1]
ROM_Spinlock            0x0001b883    0x14  Code  Gb  ROM_Init.o [1]
Region$$Table$$Base     0x0001d104           --   Gb  - Linker created -
Region$$Table$$Limit    0x0001d124           --   Gb  - Linker created -
RoundKey_Sw {Abs}       0x10016b79    0xb0  Code  Gb  ble_rom_PATCH.symbols [2]
SM_CalcRandomAddr       0x00013e29    0x32  Code  Gb  sm_mgr.o [4]
SM_GenerateAuthenSig    0x00014117    0x9a  Code  Gb  sm_mgr.o [4]
SM_Init                 0x00015a99    0x1c  Code  Gb  sm_task.o [4]
SM_PasskeyUpdate        0x00018c77    0x7a  Code  Gb  sm_pairing.o [4]
SM_ProcessEvent         0x00015ab5    0x56  Code  Gb  sm_task.o [4]
SM_ResolveRandomAddrs   0x00013e5b    0x3c  Code  Gb  sm_mgr.o [4]
SM_ResponderInit        0x0001ab79    0x1a  Code  Gb  sm_rsppairing.o [4]
SM_StartPairing         0x00018bf1    0x86  Code  Gb  sm_pairing.o [4]
SM_VerifyAuthenSig      0x000141b1    0xd4  Code  Gb  sm_mgr.o [4]
SSP_CCM_Auth_Encrypt_Sw {Abs}
                        0x10017895    0x5e  Code  Gb  ble_rom_PATCH.symbols [2]
SSP_CCM_Auth_Sw {Abs}   0x10017365   0x156  Code  Gb  ble_rom_PATCH.symbols [2]
SSP_CCM_Decrypt_Sw {Abs}
                        0x1001767d    0xd8  Code  Gb  ble_rom_PATCH.symbols [2]
SSP_CCM_Encrypt_Sw {Abs}
                        0x100174fd    0xd4  Code  Gb  ble_rom_PATCH.symbols [2]
SSP_CCM_InvAuth_Decrypt_Sw {Abs}
                        0x100178f5    0x5a  Code  Gb  ble_rom_PATCH.symbols [2]
SSP_CCM_InvAuth_Sw {Abs}
                        0x10017839    0x5c  Code  Gb  ble_rom_PATCH.symbols [2]
SSP_CTR_Decrypt_Sw {Abs}
                        0x10017771    0x8a  Code  Gb  ble_rom_PATCH.symbols [2]
SSP_CTR_Encrypt_Sw {Abs}
                        0x100175ed    0x88  Code  Gb  ble_rom_PATCH.symbols [2]
ShiftRows_Sw {Abs}      0x10016c45    0x32  Code  Gb  ble_rom_PATCH.symbols [2]
SysBootMsg              0x20004818     0x4  Data  Gb  ll_PATCH.o [4]
WL_AddEntry {Abs}       0x1000d2d9    0x94  Code  Gb  ble_rom_PATCH.symbols [2]
WL_Clear {Abs}          0x1000d1ad    0x48  Code  Gb  ble_rom_PATCH.symbols [2]
WL_ClearEntry {Abs}     0x1000d1f5    0x32  Code  Gb  ble_rom_PATCH.symbols [2]
WL_ClearIgnoreList {Abs}
                        0x1000d425    0x44  Code  Gb  ble_rom_PATCH.symbols [2]
WL_FindEntry {Abs}      0x1000d26d    0x6a  Code  Gb  ble_rom_PATCH.symbols [2]
WL_GetNumFreeEntries {Abs}
                        0x1000d23d    0x30  Code  Gb  ble_rom_PATCH.symbols [2]
WL_GetSize {Abs}        0x1000d229    0x12  Code  Gb  ble_rom_PATCH.symbols [2]
WL_Init {Abs}           0x1000d189    0x22  Code  Gb  ble_rom_PATCH.symbols [2]
WL_RemoveEntry {Abs}    0x1000d36d    0x5e  Code  Gb  ble_rom_PATCH.symbols [2]
WL_SetWlIgnore {Abs}    0x1000d3dd    0x48  Code  Gb  ble_rom_PATCH.symbols [2]
__aeabi_ldiv0           0x000169c9          Code  Gb  I64DivZer.o [8]
__aeabi_memclr          0x0001a715          Code  Gb  ABImemclr.o [8]
__aeabi_memset          0x00013131          Code  Gb  ABImemset.o [8]
__aeabi_uldivmod        0x00013565          Code  Gb  I64DivMod.o [8]
__checksum_begin {Abs}  0x10005000           --   Gb  ble_rom_PATCH.symbols [2]
__checksum_begin_CommonROM {Abs}
                        0x10014c00           --   Gb  ble_rom_PATCH.symbols [2]
__checksum_end {Abs}    0x1000dffd           --   Gb  ble_rom_PATCH.symbols [2]
__checksum_end_CommonROM {Abs}
                        0x10019ffd           --   Gb  ble_rom_PATCH.symbols [2]
__checksum_value {Abs}  0x00005721          Data  Gb  ble_rom_PATCH.symbols [2]
__checksum_value_CommonROM {Abs}
                        0x0000e0ea          Data  Gb  ble_rom_PATCH.symbols [2]
__exit {Abs}            0x10018ced          Code  Gb  ble_rom_PATCH.symbols [2]
__iar_Memset            0x00013131          Code  Gb  ABImemset.o [8]
__iar_Memset_word       0x00013139          Code  Gb  ABImemset.o [8]
__iar_data_init3        0x0001d091    0x28  Code  Gb  data_init.o [8]
__iar_packbits_init_single3
                        0x0001d059    0x38  Code  Gb  packbits_init_single.o [8]
__iar_unaligned___aeabi_memcpy
                        0x0001a3c5          Code  Gb  ABImemcpy_unaligned.o [8]
__iar_unaligned___aeabi_memcpy4
                        0x0001a3e5          Code  Gb  ABImemcpy_unaligned.o [8]
__iar_unaligned___aeabi_memcpy8
                        0x0001a3e5          Code  Gb  ABImemcpy_unaligned.o [8]
__iar_zero_init3        0x0001d019    0x40  Code  Gb  zero_init3.o [8]
activeTaskID            0x2000449c     0x1  Data  Lc  OSAL.o [1]
advCmd {Abs}            0x20004c24    0x48  Data  Gb  ble_rom_PATCH.symbols [2]
advEvt2State {Abs}      0x1000d9c0     0x8  Data  Gb  ble_rom_PATCH.symbols [2]
advInfo {Abs}           0x200049ec    0xa0  Data  Gb  ble_rom_PATCH.symbols [2]
advOutput {Abs}         0x20004e98    0x10  Data  Gb  ble_rom_PATCH.symbols [2]
advParam {Abs}          0x20004d58    0x20  Data  Gb  ble_rom_PATCH.symbols [2]
advPktSuffix            0x0001cfd0     0x4  Data  Gb  ll_config.o [4]
appForceBoot            0x000131b3     0x2  Code  Gb  OnBoard.o [1]
appTaskID               0x20004732     0x1  Data  Gb  gattservapp.o [4]
appearance              0x2000463c     0x2  Data  Lc  gapgattserver.o [4]
appearanceCharProps     0x20004736     0x1  Data  Lc  gapgattserver.o [4]
appearanceUUID          0x0001d0fc     0x2  Data  Gb  gatt_uuid.o [4]
attSendMsg              0x00012c47    0x84  Code  Gb  att_util.o [4]
attSendRspMsg           0x000128cb    0x30  Code  Lc  att_server.o [4]
attServerNotifyTxCB     0x2000488c     0x4  Data  Lc  att_server.o [4]
attrLen                 0x200047f0     0x2  Data  Lc  gattservapp.o [4]
baseTaskID              0x200044cc     0x2  Data  Gb  osal_cbtimer.o [1]
bleDispatch_BMAlloc     0x000161eb    0x36  Code  Gb  bleDispatch.o [1]
bleDispatch_BMFree      0x00016221    0x12  Code  Gb  bleDispatch.o [1]
bleDispatch_Init        0x00015cbd     0x8  Code  Gb  bleDispatch.o [1]
bleDispatch_ProcessEvent
                        0x00015cc5    0xba  Code  Gb  bleDispatch.o [1]
bleDispatch_TaskID      0x200048b2     0x1  Data  Gb  bleDispatch.o [1]
bleEvtMask {Abs}        0x20004f08     0x1  Data  Gb  ble_rom_PATCH.symbols [2]
bm_desc_from_payload    0x000129cd    0x1c  Code  Lc  osal_bufmgr.o [1]
bm_list_ptr             0x20004884     0x4  Data  Lc  osal_bufmgr.o [1]
btBaseUUID              0x00012d8c    0x10  Data  Gb  att_util.o [4]
buildInfo {Abs}         0x20004c98     0x4  Data  Gb  ble_rom_PATCH.symbols [2]
cachedTRNGdata {Abs}    0x20004ee8     0xc  Data  Gb  ble_rom_PATCH.symbols [2]
cbTimerSetup            0x000137a5    0x8c  Code  Lc  osal_cbtimer.o [1]
cbTimers                0x200044d0    0x78  Data  Gb  osal_cbtimer.o [1]
characterUUID           0x0001d0f0     0x2  Data  Gb  gatt_uuid.o [4]
checkNVLen              0x00016113    0x24  Code  Lc  bleDispatch.o [1]
clientCharCfgUUID       0x0001d0f4     0x2  Data  Gb  gatt_uuid.o [4]
cmdBusReq               0x200047f8    0x18  Data  Lc  ll_sleep.o [4]
compactPage             0x000167b1   0x10a  Code  Lc  osal_snv_wrapper.o [1]
connOutput {Abs}        0x20004e70    0x14  Data  Gb  ble_rom_PATCH.symbols [2]
const_Rb                0x0001446c    0x10  Data  Lc  sm_mgr.o [4]
cpe0IntCback            0x0001c571   0x272  Code  Gb  ll_isr.o [4]
cpe1IntCback            0x0001c7e3   0x1aa  Code  Gb  ll_isr.o [4]
ctrlToHostEnable {Abs}  0x20004f24     0x1  Data  Gb  ble_rom_PATCH.symbols [2]
curLLtask               0x2000470c     0x4  Data  Lc  ll_sleep.o [4]
curTxPowerVal {Abs}     0x20004cb9     0x1  Data  Gb  ble_rom_PATCH.symbols [2]
deviceFeatureSet {Abs}  0x20004ed0     0xc  Data  Gb  ble_rom_PATCH.symbols [2]
deviceName              0x20004640    0x18  Data  Lc  gapgattserver.o [4]
deviceNameCharProps     0x20004735     0x1  Data  Lc  gapgattserver.o [4]
deviceNameUUID          0x0001d0f8     0x2  Data  Gb  gatt_uuid.o [4]
disableCache            0x00016945    0x2a  Code  Lc  osal_snv_wrapper.o [1]
disconnectNext          0x00017243    0x1a  Code  Lc  gap_linkmgr.o [4]
dtmInfo {Abs}           0x20004edc     0xc  Data  Gb  ble_rom_PATCH.symbols [2]
enableCache             0x00016935    0x10  Code  Lc  osal_snv_wrapper.o [1]
enterBleRfePatch        0x0001bf49    0x60  Code  Lc  ll_config.o [4]
erasePage               0x000166fd    0x3a  Code  Lc  osal_snv_wrapper.o [1]
failF                   0x2000472c     0x1  Data  Lc  osal_snv_wrapper.o [1]
failW                   0x2000472d     0x1  Data  Lc  osal_snv_wrapper.o [1]
fastTxRespTime {Abs}    0x20004cbb     0x1  Data  Gb  ble_rom_PATCH.symbols [2]
findItem                0x00016771    0x40  Code  Lc  osal_snv_wrapper.o [1]
findOffset              0x00016737    0x2a  Code  Lc  osal_snv_wrapper.o [1]
gapAddAddrAdj           0x00016be5    0x2c  Code  Gb  gap_configmgr.o [4]
gapAddAdvToken          0x00019d4f    0x34  Code  Gb  gap_peridevmgr.o [4]
gapAdvAppTaskID         0x200045f0     0x1  Data  Lc  gap_peridevmgr.o [4]
gapAppTaskID            0x20004580     0x1  Data  Gb  gap_configmgr.o [4]
gapAttrTbl              0x20004658    0x70  Data  Lc  gapgattserver.o [4]
gapAutoAdvPrivateAddrChange
                        0x20004583     0x1  Data  Gb  gap_configmgr.o [4]
gapBuildADTokens        0x00019e05    0xb2  Code  Gb  gap_peridevmgr.o [4]
gapCalcAdvTokenDataLen  0x00019dcf    0x36  Code  Gb  gap_peridevmgr.o [4]
gapCentProcessHCICmdEvt
                        0x000194bf    0x20  Code  Lc  gap_centdevmgr.o [4]
gapCentralCBs           0x200045e8     0x8  Data  Lc  gap_centdevmgr.o [4]
[...]
maxPktsPerEvt           0x0001cfe0     0x4  Data  Gb  ll_config.o [4]
maxQueuedPdu            0x20004812     0x2  Data  Gb  ll_PATCH.o [4]
maxTxPwrForDTM {Abs}    0x20004c85     0x1  Data  Gb  ble_rom_PATCH.symbols [2]
mbCmdAckIsr             0x0001a6a5    0x14  Code  Gb  mb_PATCH.o [1]
mbCpe0Isr               0x0001a657    0x1a  Code  Gb  mb_PATCH.o [1]
mbCpe1Isr               0x0001a671    0x18  Code  Gb  mb_PATCH.o [1]
mbHwIsr                 0x0001a68f    0x16  Code  Gb  mb_PATCH.o [1]
mbIntCbackTable {Abs}   0x20004fec    0x10  Data  Wk  mb_PATCH.o [1]
nextHandle              0x2000462c     0x2  Data  Lc  gatt_server.o [4]
notifyObj               0x2000471c     0x4  Data  Lc  ll_sleep.o [4]
numComplPkts {Abs}      0x20004cba     0x1  Data  Gb  ble_rom_PATCH.symbols [2]
numComplPktsFlush {Abs}
                        0x20004c88     0x1  Data  Gb  ble_rom_PATCH.symbols [2]
numComplPktsLimit {Abs}
                        0x20004c87     0x1  Data  Gb  ble_rom_PATCH.symbols [2]
numHostBufs {Abs}       0x20004f26     0x2  Data  Gb  ble_rom_PATCH.symbols [2]
numTxDataBufs {Abs}     0x20004c8b     0x1  Data  Gb  ble_rom_PATCH.symbols [2]
onePktPerEvt {Abs}      0x20004c86     0x1  Data  Gb  ble_rom_PATCH.symbols [2]
osalAddTimer            0x000131bd    0x3c  Code  Gb  OSAL_Timers.o [1]
osalAdjustTimer         0x00013655    0x4e  Code  Gb  OSAL_Clock.o [1]
osalDeleteTimer         0x0001320f     0x8  Code  Gb  OSAL_Timers.o [1]
osalFindTimer           0x000131f9    0x16  Code  Gb  OSAL_Timers.o [1]
osalInitTasks           0x00013489    0x74  Code  Gb  OSAL_ICallBle.o [1]
osalTimerInit           0x000131b5     0x8  Code  Gb  OSAL_Timers.o [1]
osalTimerUpdate         0x000132c9    0xd0  Code  Gb  OSAL_Timers.o [1]
osal_CbTimerInit        0x000136b5    0x16  Code  Gb  osal_cbtimer.o [1]
osal_CbTimerProcessEvent
                        0x000136cb    0x78  Code  Gb  osal_cbtimer.o [1]
osal_CbTimerStart       0x00013743     0x8  Code  Gb  osal_cbtimer.o [1]
osal_CbTimerStop        0x00013753    0x52  Code  Gb  osal_cbtimer.o [1]
osal_alien2proxy        0x00012097    0x2c  Code  Lc  OSAL.o [1]
osal_bm_adjust_header   0x000129a5    0x28  Code  Gb  osal_bufmgr.o [1]
osal_bm_alloc           0x0001292d    0x2e  Code  Gb  osal_bufmgr.o [1]
osal_bm_free            0x0001295b    0x42  Code  Gb  osal_bufmgr.o [1]
osal_clear_event        0x00011f9b    0x30  Code  Gb  OSAL.o [1]
osal_dispatch_entities  0x200044c8     0x4  Data  Lc  OSAL.o [1]
osal_enroll_dispatchid  0x00011ceb    0x10  Code  Gb  OSAL.o [1]
osal_enroll_senderid    0x00011cfb     0xc  Code  Gb  OSAL.o [1]
osal_entity             0x2000487e     0x2  Data  Gb  OSAL.o [1]
osal_eventloop_hook     0x200044ac     0x4  Data  Gb  OSAL.o [1]
osal_get_timeoutEx      0x00013297    0x22  Code  Gb  OSAL_Timers.o [1]
osal_init_system        0x00011fdb    0x6a  Code  Gb  OSAL.o [1]
osal_isbufset           0x000122b5    0x20  Code  Gb  OSAL.o [1]
osal_last_timestamp     0x200044b4     0x4  Data  Gb  OSAL.o [1]
osal_max_msecs          0x200044bc     0x4  Data  Gb  OSAL.o [1]
osal_mem_alloc          0x00010f95    0x1a  Code  Gb  OSAL_MemoryICall.o [1]
osal_mem_free           0x00010faf    0x14  Code  Gb  OSAL_MemoryICall.o [1]
osal_memcmp             0x00011cb7    0x1c  Code  Gb  OSAL.o [1]
osal_memcpy             0x00011c6f    0x14  Code  Gb  OSAL.o [1]
osal_memdup             0x00011c9b    0x1c  Code  Gb  OSAL.o [1]
osal_memset             0x00011cd3    0x14  Code  Gb  OSAL.o [1]
osal_msec_timer_cback   0x000120d9    0x1c  Code  Lc  OSAL.o [1]
osal_msec_timer_seq     0x200044c4     0x4  Data  Lc  OSAL.o [1]
osal_msg_allocate       0x00011d0d    0x24  Code  Gb  OSAL.o [1]
osal_msg_deallocate     0x00011d31    0x1e  Code  Gb  OSAL.o [1]
osal_msg_enqueue        0x00011e77    0x24  Code  Gb  OSAL.o [1]
osal_msg_enqueue_push   0x00011da9    0x62  Code  Lc  OSAL.o [1]
osal_msg_extract        0x00011ec1    0x28  Code  Gb  OSAL.o [1]
osal_msg_push           0x00011ea7    0x1a  Code  Gb  OSAL.o [1]
osal_msg_receive        0x00011e0b    0x64  Code  Gb  OSAL.o [1]
osal_msg_send           0x00011d4f    0x5a  Code  Gb  OSAL.o [1]
osal_next_timeout       0x00013399    0x1c  Code  Gb  OSAL_Timers.o [1]
osal_notask_entity      0x2000449d     0x1  Data  Lc  OSAL.o [1]
osal_proxy2alien        0x000120c3    0x16  Code  Lc  OSAL.o [1]
osal_proxy_tasks        0x200044a0     0x8  Data  Lc  OSAL.o [1]
osal_pwrmgr_init        0x000133e3     0xc  Code  Gb  OSAL_PwrMgr.o [1]
osal_pwrmgr_task_state  0x000133ef    0x56  Code  Gb  OSAL_PwrMgr.o [1]
osal_qHead              0x200044a8     0x4  Data  Gb  OSAL.o [1]
osal_rand               0x00011ce7     0x4  Code  Gb  OSAL.o [1]
osal_revmemcpy          0x00011c83    0x18  Code  Gb  OSAL.o [1]
osal_run_system         0x00012123   0x188  Code  Gb  OSAL.o [1]
osal_semaphore          0x200044b0     0x4  Data  Gb  OSAL.o [1]
osal_service_entry      0x000120ff    0x24  Code  Gb  OSAL.o [1]
osal_set_event          0x00011efd    0x9e  Code  Gb  OSAL.o [1]
osal_snv_init           0x00016989     0x4  Code  Gb  osal_snv_wrapper.o [1]
osal_snv_read           0x0001698d    0x20  Code  Gb  osal_snv_wrapper.o [1]
osal_snv_write          0x000169ad    0x1c  Code  Gb  osal_snv_wrapper.o [1]
osal_start_reload_timer
                        0x00013235    0x22  Code  Gb  OSAL_Timers.o [1]
osal_start_system       0x00012045    0x52  Code  Gb  OSAL.o [1]
osal_start_timerEx      0x00013217    0x1e  Code  Gb  OSAL_Timers.o [1]
osal_stop_timerEx       0x0001326d    0x2a  Code  Gb  OSAL_Timers.o [1]
osal_strlen             0x00011c6b     0x4  Code  Gb  OSAL.o [1]
osal_systemClock        0x2000485c     0x4  Data  Lc  OSAL_Timers.o [1]
osal_tickperiod         0x200044b8     0x4  Data  Gb  OSAL.o [1]
osal_timerid_msec_timer
                        0x200044c0     0x4  Data  Lc  OSAL.o [1]
ownPublicAddr {Abs}     0x20004c6c     0x8  Data  Gb  ble_rom_PATCH.symbols [2]
ownRandomAddr {Abs}     0x20004c74     0x8  Data  Gb  ble_rom_PATCH.symbols [2]
ownSavedPublicAddr {Abs}
                        0x20004c7c     0x8  Data  Gb  ble_rom_PATCH.symbols [2]
pAttrValue              0x200047f4     0x4  Data  Lc  gattservapp.o [4]
pAuthLink               0x2000455c     0x4  Data  Gb  gap_linkmgr.o [4]
pBleEvtMask             0x20004820     0x8  Data  Gb  hci_event_PATCH.o [4]
pEstLink                0x20004558     0x4  Data  Gb  gap_linkmgr.o [4]
pGapAdData              0x200045f8     0x4  Data  Lc  gap_peridevmgr.o [4]
pGapAdvTokens           0x200045f4     0x4  Data  Lc  gap_peridevmgr.o [4]
pGapAdvertState         0x20004898     0x4  Data  Gb  gap_devmgr.o [4]
pGapDiscReq             0x20004894     0x4  Data  Gb  gap_devmgr.o [4]
pGapScanRecs            0x200045e4     0x4  Data  Lc  gap_centdevmgr.o [4]
pGapScanRspData         0x200045fc     0x4  Data  Lc  gap_peridevmgr.o [4]
pHciEvtMask {Abs}       0x20004f00     0x8  Data  Gb  ble_rom_PATCH.symbols [2]
pHciEvtMask2            0x20004828     0x8  Data  Gb  hci_event_PATCH.o [4]
pPairingParams          0x2000483c     0x4  Data  Gb  sm_pairing.o [4]
pServiceList            0x20004630     0x4  Data  Lc  gatt_server.o [4]
pSmGenKey               0x200048a8     0x4  Data  Lc  sm_mgr.o [4]
patchBleRfe             0x0001c074   0x4ec  Data  Lc  ll_config.o [4]
patchCM0                0x0001bfa9    0x32  Code  Gb  ll_config.o [4]
patchImage              0x0001c00c    0x68  Data  Lc  ll_config.o [4]
peerInfo {Abs}          0x20004c9c     0xc  Data  Gb  ble_rom_PATCH.symbols [2]
periConnParamCharProps  0x20004737     0x1  Data  Lc  gapgattserver.o [4]
periConnParamUUID       0x0001d100     0x2  Data  Gb  gatt_uuid.o [4]
periConnParameters      0x20004634     0x8  Data  Lc  gapgattserver.o [4]
pfnCentralCBs           0x20004614     0x4  Data  Lc  gap_task.o [4]
pfnCentralConnCBs       0x20004560     0x4  Data  Gb  gap_linkmgr.o [4]
pfnClientProcessMsgCB   0x2000486c     0x4  Data  Lc  gatt_task.o [4]
pfnInitiatorCBs         0x20004844     0x4  Data  Lc  sm_pairing.o [4]
pfnPeripheralCBs        0x20004610     0x4  Data  Gb  gap_task.o [4]
pfnPeripheralConnCBs    0x20004890     0x4  Data  Gb  gap_linkmgr.o [4]
pfnResponderCBs         0x20004840     0x4  Data  Gb  sm_pairing.o [4]
pfnServerProcessMsgCB   0x20004868     0x4  Data  Lc  gatt_task.o [4]
pgOff                   0x2000472e     0x2  Data  Lc  osal_snv_wrapper.o [1]
pm_rat_synchro_max_timeout
                        0x20004708     0x4  Data  Lc  ll_sleep.o [4]
postRfOperations {Abs}  0x20004cbe     0x2  Data  Gb  ble_rom_PATCH.symbols [2]
prepareWritesTbl        0x20004864     0x4  Data  Lc  gattservapp.o [4]
primaryServiceUUID      0x0001d0e8     0x2  Data  Gb  gatt_uuid.o [4]
processDispMsg          0x000163c5   0x140  Code  Lc  bleDispatch.o [1]
processICallGAP         0x00016233   0x190  Code  Lc  bleDispatch.o [1]
processICallHost        0x00015d8d    0xae  Code  Lc  bleDispatch.o [1]
processICallLL          0x00015e3b   0x28a  Code  Lc  bleDispatch.o [1]
processICallUTIL        0x00016139    0xa8  Code  Lc  bleDispatch.o [1]
pwrmgr_attribute        0x20004854     0x4  Data  Gb  OSAL_PwrMgr.o [1]
pwrmgr_initialized      0x20004850     0x1  Data  Gb  OSAL_PwrMgr.o [1]
ratChanInfo {Abs}       0x20004fac    0x20  Data  Gb  ble_rom_PATCH.symbols [2]
reportStatusChange      0x00011bcf    0x22  Code  Lc  linkdb.o [4]
reqTaskId               0x20004734     0x1  Data  Gb  gatt_server.o [4]
rfCfgAdiVal {Abs}       0x20004c94     0x2  Data  Gb  ble_rom_PATCH.symbols [2]
rfCfgVal                0x0001cfc8     0x4  Data  Gb  ll_config.o [4]
rfCmdRadioSetup         0x200046e4    0x18  Data  Lc  ll_sleep.o [4]
rfCoreState             0x200046fe     0x1  Data  Lc  ll_sleep.o [4]
rfFeModeBias            0x20004811     0x1  Data  Gb  ll_PATCH.o [4]
rfOpLoc                 0x0001cfe4     0x4  Data  Gb  ll_config.o [4]
rsp                     0x200047d8    0x18  Data  Lc  gattservapp.o [4]
rspBuf                  0x20004738    0x38  Data  Gb  bleDispatch.o [1]
rssiCorrection {Abs}    0x20004cc0     0x1  Data  Gb  ble_rom_PATCH.symbols [2]
rxDataQ {Abs}           0x20004f0c     0x4  Data  Gb  ble_rom_PATCH.symbols [2]
rxFifoFlowCtrl {Abs}    0x20004c8a     0x1  Data  Gb  ble_rom_PATCH.symbols [2]
rxModemTestCmd {Abs}    0x20004e40    0x18  Data  Gb  ble_rom_PATCH.symbols [2]
rxPktSuffix             0x0001cfcc     0x4  Data  Gb  ll_config.o [4]
rxRingBuf {Abs}         0x20004f10     0x4  Data  Gb  ble_rom_PATCH.symbols [2]
rxTestOut {Abs}         0x20004ec4     0xc  Data  Gb  ble_rom_PATCH.symbols [2]
rxTestParam {Abs}       0x20004e84    0x14  Data  Gb  ble_rom_PATCH.symbols [2]
savedRatValue           0x20004714     0x4  Data  Lc  ll_sleep.o [4]
scanCmd {Abs}           0x20004df8    0x18  Data  Gb  ble_rom_PATCH.symbols [2]
scanInfo {Abs}          0x20004d94    0x1c  Data  Gb  ble_rom_PATCH.symbols [2]
scanPktSuffix           0x0001cfd4     0x4  Data  Gb  ll_config.o [4]
sclkSrc                 0x2000481c     0x4  Data  Gb  ll_PATCH.o [4]
secondaryServiceUUID    0x0001d0ec     0x2  Data  Gb  gatt_uuid.o [4]
sendAuthEvent           0x0001725d    0xd0  Code  Lc  gap_linkmgr.o [4]
sendEstLinkEvent        0x0001717d    0x5c  Code  Gb  gap_linkmgr.o [4]
sendGapCmdStatus        0x000160c5    0x4e  Code  Lc  bleDispatch.o [1]
sendTerminateEvent      0x000171d9    0x28  Code  Lc  gap_linkmgr.o [4]
serverInfoTbl           0x200048a0     0x4  Data  Gb  gatt_server.o [4]
serverReqTbl            0x0001194c    0x60  Data  Lc  gatt_server.o [4]
serviceCBsList          0x2000489c     0x4  Data  Lc  gattservapp.o [4]
setActivePage           0x000166dd    0x10  Code  Lc  osal_snv_wrapper.o [1]
setBleUserConfig        0x0001652d    0x58  Code  Gb  bleUserConfig.o [1]
setXferPage             0x000166ed     0xa  Code  Lc  osal_snv_wrapper.o [1]
slOverride {Abs}        0x20004c89     0x1  Data  Gb  ble_rom_PATCH.symbols [2]
slaveConnHandle         0x20004554     0x2  Data  Gb  gap_linkmgr.o [4]
slaveUpdateReq          0x2000454c     0x8  Data  Gb  gap_linkmgr.o [4]
sleepDelay {Abs}        0x20004c96     0x2  Data  Gb  ble_rom_PATCH.symbols [2]
slvCmd {Abs}            0x20004de0    0x18  Data  Gb  ble_rom_PATCH.symbols [2]
slvParam {Abs}          0x20004d38    0x20  Data  Gb  ble_rom_PATCH.symbols [2]
smAuthReqToUint8        0x000140b9    0x20  Code  Gb  sm_mgr.o [4]
smDetermineKeySize      0x000192a3    0x20  Code  Gb  sm_pairing.o [4]
smEncrypt               0x0001410b     0x8  Code  Lc  sm_mgr.o [4]
smEncryptLocal          0x00014113     0x4  Code  Lc  sm_mgr.o [4]
smEndPairing            0x00019273    0x30  Code  Gb  sm_pairing.o [4]
smFreePairingParams     0x00019229    0x4a  Code  Lc  sm_pairing.o [4]
smGenerateConfirm       0x00019007    0x18  Code  Gb  sm_pairing.o [4]
smGeneratePairingReqRsp
                        0x00018fdb    0x2c  Code  Gb  sm_pairing.o [4]
smGenerateRandBuf       0x00014093    0x26  Code  Gb  sm_mgr.o [4]
smGenerateRandMsg       0x0001901f    0x16  Code  Gb  sm_pairing.o [4]
smLinkCheck             0x00018cf9    0x18  Code  Gb  sm_pairing.o [4]
smNextPairingState      0x00018ea7    0x30  Code  Gb  sm_pairing.o [4]
smPairingSendEncInfo    0x000191c7     0x6  Code  Gb  sm_pairing.o [4]
smPairingSendIdentityAddrInfo
                        0x000191ff    0x24  Code  Gb  sm_pairing.o [4]
smPairingSendIdentityInfo
                        0x000191f5     0x4  Code  Gb  sm_pairing.o [4]
smPairingSendMasterID   0x000191cd    0x28  Code  Gb  sm_pairing.o [4]
smPairingSendSingingInfo
                        0x00019223     0x6  Code  Gb  sm_pairing.o [4]
smProcessDataMsg        0x00018d15    0xcc  Code  Gb  sm_pairing.o [4]
smProcessEncryptChange  0x00018dfd    0xaa  Code  Gb  sm_pairing.o [4]
smProcessOSALMsg        0x00015b0b    0x80  Code  Lc  sm_task.o [4]
smProcessPairingReq     0x00018f6d    0x54  Code  Gb  sm_pairing.o [4]
smProcessRandComplete   0x00013ea9    0x6a  Code  Gb  sm_mgr.o [4]
smRegisterResponder     0x00018cf1     0x8  Code  Gb  sm_pairing.o [4]
smResponderCBs          0x200046d8     0xc  Data  Lc  sm_rsppairing.o [4]
smResponderProcessLTKReq
                        0x0001ab93    0xc2  Code  Lc  sm_rsppairing.o [4]
smResponderSendNextKeyInfo
                        0x0001aee7   0x1da  Code  Lc  sm_rsppairing.o [4]
smSavePairInfo          0x00019049   0x172  Code  Gb  sm_pairing.o [4]
smSendFailAndEnd        0x00018de1    0x1c  Code  Gb  sm_pairing.o [4]
smSendSMMsg             0x0001ab1f    0x48  Code  Gb  smp.o [4]
smSetPairingReqRsp      0x000192c3    0x3a  Code  Lc  sm_pairing.o [4]
smStartEncryption       0x00018fc1    0x1a  Code  Gb  sm_pairing.o [4]
smStartRspTimer         0x00013f13    0x1c  Code  Gb  sm_mgr.o [4]
smStopRspTimer          0x00013f2f     0xa  Code  Gb  sm_mgr.o [4]
smTaskID                0x200048b5     0x1  Data  Gb  sm_task.o [4]
smTimedOut              0x00018d11     0x4  Code  Gb  sm_pairing.o [4]
smUint8ToAuthReq        0x000140d9    0x32  Code  Gb  sm_mgr.o [4]
sm_CMAC                 0x0001428b   0x1a2  Code  Lc  sm_mgr.o [4]
sm_ah                   0x00013f4b    0x26  Code  Gb  sm_mgr.o [4]
sm_c1                   0x00018ed7    0x96  Code  Gb  sm_pairing.o [4]
sm_c1new                0x00013f85    0xb8  Code  Gb  sm_mgr.o [4]
sm_s1                   0x00014053    0x20  Code  Gb  sm_mgr.o [4]
sm_xor                  0x0001403d    0x16  Code  Lc  sm_mgr.o [4]
smpBuildEncInfo         0x0001a9ed    0x12  Code  Gb  smp.o [4]
smpBuildIdentityAddrInfo
                        0x0001aa6f    0x1e  Code  Gb  smp.o [4]
smpBuildIdentityInfo    0x0001aa5d    0x12  Code  Gb  smp.o [4]
smpBuildMasterID        0x0001aa15    0x24  Code  Gb  smp.o [4]
smpBuildPairingConfirm  0x0001a957    0x12  Code  Gb  smp.o [4]
smpBuildPairingFailed   0x0001a9b7    0x18  Code  Gb  smp.o [4]
smpBuildPairingRandom   0x0001a97f    0x10  Code  Gb  smp.o [4]
smpBuildPairingReq      0x0001a7cd     0x8  Code  Gb  smp.o [4]
smpBuildPairingReqRsp   0x0001a7db    0xa8  Code  Gb  smp.o [4]
smpBuildPairingRsp      0x0001a7d5     0x6  Code  Gb  smp.o [4]
smpBuildSecurityReq     0x0001aae7    0x1c  Code  Gb  smp.o [4]
smpBuildSigningInfo     0x0001aabf    0x12  Code  Gb  smp.o [4]
smpParseEncInfo         0x0001a9ff    0x16  Code  Gb  smp.o [4]
smpParseIdentityAddrInfo
                        0x0001aaa3    0x1c  Code  Gb  smp.o [4]
smpParseIdentityInfo    0x0001aa8d    0x16  Code  Gb  smp.o [4]
smpParseMasterID        0x0001aa39    0x24  Code  Gb  smp.o [4]
smpParsePairingConfirm  0x0001a969    0x16  Code  Gb  smp.o [4]
smpParsePairingFailed   0x0001a9cf    0x1e  Code  Gb  smp.o [4]
smpParsePairingRandom   0x0001a9a1    0x16  Code  Gb  smp.o [4]
smpParsePairingReq      0x0001a883    0xd4  Code  Gb  smp.o [4]
smpParseSecurityReq     0x0001ab03    0x1c  Code  Gb  smp.o [4]
smpParseSigningInfo     0x0001aad1    0x16  Code  Gb  smp.o [4]
smpResponderProcessIncoming
                        0x0001ac61   0x1d0  Code  Lc  sm_rsppairing.o [4]
smpResponderProcessPairingReq
                        0x0001ae39    0xa2  Code  Gb  sm_rsppairing.o [4]
sspAesDecrypt_Sw {Abs}  0x10016d29    0x78  Code  Gb  ble_rom_PATCH.symbols [2]
sspAesEncryptBasic_Sw {Abs}
                        0x10016af5    0x62  Code  Gb  ble_rom_PATCH.symbols [2]
sspAesEncryptKeyExp_Sw {Abs}
                        0x10016a99    0x4e  Code  Gb  ble_rom_PATCH.symbols [2]
sspAesEncrypt_Sw {Abs}  0x10016979     0xc  Code  Gb  ble_rom_PATCH.symbols [2]
sspKeyExpansion_Sw {Abs}
                        0x10016985   0x114  Code  Gb  ble_rom_PATCH.symbols [2]
ssp_KeyInit_Sw {Abs}    0x10016975     0x2  Code  Gb  ble_rom_PATCH.symbols [2]
stack_main              0x000134fd    0x4a  Code  Gb  OSAL_ICallBle.o [1]
startup_entry           0x00010001    0x30  Code  Gb  ICall_startup.o [1]
strlen                  0x000130f9          Code  Gb  strlen.o [8]
supportedCmdsTable      0x000130b4    0x44  Data  Gb  hci_PATCH.o [4]
taskEndAction {Abs}     0x20004cc4     0x4  Data  Gb  ble_rom_PATCH.symbols [2]
taskEndStatus {Abs}     0x20004f0a     0x2  Data  Gb  ble_rom_PATCH.symbols [2]
tasksArr                0x0001d0b8    0x24  Data  Gb  OSAL_ICallBle.o [1]
tasksCnt                0x0001d0dc     0x1  Data  Gb  OSAL_ICallBle.o [1]
tasksEvents             0x20004888     0x4  Data  Gb  OSAL_ICallBle.o [1]
terminateAllTaskID      0x20004548     0x1  Data  Lc  gap_linkmgr.o [4]
terminateReason         0x20004549     0x1  Data  Lc  gap_linkmgr.o [4]
timeMSec                0x20004848     0x4  Data  Lc  OSAL_Clock.o [1]
timerHead               0x20004858     0x4  Data  Gb  OSAL_Timers.o [1]
trxTestCmd {Abs}        0x20004e28    0x18  Data  Gb  ble_rom_PATCH.symbols [2]
txDataQ {Abs}           0x20004f1c     0x4  Data  Gb  ble_rom_PATCH.symbols [2]
txPowerTable            0x0001cfbc     0x4  Data  Gb  ll_config.o [4]
txPwrTbl                0x0001cfc0     0x8  Data  Gb  ll_config.o [4]
txTestOut {Abs}         0x20004f20     0x4  Data  Gb  ble_rom_PATCH.symbols [2]
txTestParam {Abs}       0x20004ea8    0x10  Data  Gb  ble_rom_PATCH.symbols [2]
verInfo {Abs}           0x20004c8c     0x8  Data  Gb  ble_rom_PATCH.symbols [2]
wakeupCmdPending        0x200046fd     0x1  Data  Lc  ll_sleep.o [4]
wakeupStatus            0x200046fc     0x1  Data  Lc  ll_sleep.o [4]
wakeupTimerID           0x20004710     0x4  Data  Lc  ll_sleep.o [4]
wlSize                  0x0001cfdc     0x1  Data  Gb  ll_config.o [4]
wlTable {Abs}           0x20004a8c    0x84  Data  Gb  ble_rom_PATCH.symbols [2]
writeWord               0x000168bb    0x70  Code  Lc  osal_snv_wrapper.o [1]
xor_128                 0x0001443d    0x14  Code  Lc  sm_mgr.o [4]


[1] = C:\ti\simplelink\ble_cc26xx_2_01_00_44423\Projects\ble\JSensor-T\CC26xx\IAR\Stack\CC2640\FlashROM\Obj
[2] = C:\ti\simplelink\ble_cc26xx_2_01_00_44423\Projects\common\BLE_ROM_Releases\04242014
[3] = command line
[4] = CC2640Stack.a
[5] = CC2640Stack_HCI_TL.a
[6] = dl7M_tln.a
[7] = driverlib.lib
[8] = rt7M_tl.a

  53 379 bytes of readonly  code memory
   4 595 bytes of readonly  data memory
   1 051 bytes of readwrite data memory

Errors: none
Warnings: none
